[  519.379298] [drmtegra_drm_copy_and_patch_cmdstream] *ERROR* invalid class id 0x0 (process:es2tri pid:856)
 fffc05d0: 00001800: SETCL(class=060)
 fffc05d4: 00001800: SETCL(class=060)
 fffc05d8: 4e440000: IMM(offset=e44, data=000)
 fffc05dc: 48070000: IMM(offset=807, data=000)
 fffc05e0: 4c000000: IMM(offset=c00, data=000)
 fffc05e4: 4c010000: IMM(offset=c01, data=000)
 fffc05e8: 4c020000: IMM(offset=c02, data=000)
 fffc05ec: 4c030000: IMM(offset=c03, data=000)
 fffc05f0: 4c300000: IMM(offset=c30, data=000)
 fffc05f4: 4c310000: IMM(offset=c31, data=000)
 fffc05f8: 4c320000: IMM(offset=c32, data=000)
 fffc05fc: 4c330000: IMM(offset=c33, data=000)
 fffc0600: 4c400000: IMM(offset=c40, data=000)
 fffc0604: 4c410000: IMM(offset=c41, data=000)
 fffc0608: 4c420000: IMM(offset=c42, data=000)
 fffc060c: 4c430000: IMM(offset=c43, data=000)
 fffc0610: 4c500000: IMM(offset=c50, data=000)
 fffc0614: 4c510000: IMM(offset=c51, data=000)
 fffc0618: 4c520000: IMM(offset=c52, data=000)
 fffc061c: 4c530000: IMM(offset=c53, data=000)
 fffc0620: 1e700010: INCR(offset=e70, [00000000, 00000000, 00000000, 00000000, 00000000, 00000000, 00000000, 00000000, 00000000, 00000000, 00000000, 00000000, 00000000, 00000000, 00000000, 00000000])
 fffc0664: 4e800f00: IMM(offset=e80, data=f00)
 fffc0668: 4e840000: IMM(offset=e84, data=000)
 fffc066c: 4e850000: IMM(offset=e85, data=000)
 fffc0670: 4e860000: IMM(offset=e86, data=000)
 fffc0674: 4e870000: IMM(offset=e87, data=000)
 fffc0678: 49070000: IMM(offset=907, data=000)
 fffc067c: 49080000: IMM(offset=908, data=000)
 fffc0680: 49090000: IMM(offset=909, data=000)
 fffc0684: 490a0000: IMM(offset=90a, data=000)
 fffc0688: 490b0000: IMM(offset=90b, data=000)
 fffc068c: 4b000003: IMM(offset=b00, data=003)
 fffc0690: 17500010: INCR(offset=750, [00000000, 00000000, 00000000, 00000000, 00000000, 00000000, 00000000, 00000000, 00000000, 00000000, 00000000, 00000000, 00000000, 00000000, 00000000, 00000000])
 fffc06d4: 17700030: INCR(offset=770, [00000000, 00000000, 00000000, 00000000, 00000000, 00000000, 00000000, 00000000, 00000000, 00000000, 00000000, 00000000, 00000000, 00000000, 00000000, 00000000, 00000000, 00000000, 00000000, 00000000, 00000000, 00000000, 00000000, 00000000, 00000000, 00000000, 00000000, 00000000, 00000000, 00000000, 00000000, 00000000, 00000000, 00000000, 00000000, 00000000, 00000000, 00000000, 00000000, 00000000, 00000000, 00000000, 00000000, 00000000, 00000000, 00000000, 00000000, 00000000])
 fffc0798: 47e00001: IMM(offset=7e0, data=001)
 fffc079c: 47e10000: IMM(offset=7e1, data=000)
 fffc07a0: 4b010000: IMM(offset=b01, data=000)
 fffc07a4: 4b040000: IMM(offset=b04, data=000)
 fffc07a8: 4b060000: IMM(offset=b06, data=000)
 fffc07ac: 4b070000: IMM(offset=b07, data=000)
 fffc07b0: 4b080000: IMM(offset=b08, data=000)
 fffc07b4: 4b090000: IMM(offset=b09, data=000)
 fffc07b8: 4b0a0000: IMM(offset=b0a, data=000)
 fffc07bc: 4b0b0000: IMM(offset=b0b, data=000)
 fffc07c0: 4b0c0000: IMM(offset=b0c, data=000)
 fffc07c4: 4b0d0000: IMM(offset=b0d, data=000)
 fffc07c8: 4b0e0000: IMM(offset=b0e, data=000)
 fffc07cc: 4b0f0000: IMM(offset=b0f, data=000)
 fffc07d0: 4b100000: IMM(offset=b10, data=000)
 fffc07d4: 4b110000: IMM(offset=b11, data=000)
 fffc07d8: 4b120000: IMM(offset=b12, data=000)
 fffc07dc: 4b140000: IMM(offset=b14, data=000)
 fffc07e0: 4e400000: IMM(offset=e40, data=000)
 fffc07e4: 4e410000: IMM(offset=e41, data=000)
 fffc07e8: 400d0000: IMM(offset=00d, data=000)
 fffc07ec: 400e0000: IMM(offset=00e, data=000)
 fffc07f0: 400f0000: IMM(offset=00f, data=000)
 fffc07f4: 40100000: IMM(offset=010, data=000)
 fffc07f8: 40110000: IMM(offset=011, data=000)
 fffc07fc: 40120000: IMM(offset=012, data=000)
 fffc0800: 40130000: IMM(offset=013, data=000)
 fffc0804: 40140000: IMM(offset=014, data=000)
 fffc0808: 40150000: IMM(offset=015, data=000)
 fffc080c: 41200000: IMM(offset=120, data=000)
 fffc0810: 41220000: IMM(offset=122, data=000)
 fffc0814: 41240007: IMM(offset=124, data=007)
 fffc0818: 41250000: IMM(offset=125, data=000)
 fffc081c: 41260000: IMM(offset=126, data=000)
 fffc0820: 12000005: INCR(offset=200, [00000011, 0000ffff, 00ff0000, 00000000, 00000000])
 fffc0838: 42090000: IMM(offset=209, data=000)
 fffc083c: 420a0000: IMM(offset=20a, data=000)
 fffc0840: 420b0003: IMM(offset=20b, data=003)
 fffc0844: 43000000: IMM(offset=300, data=000)
 fffc0848: 43020000: IMM(offset=302, data=000)
 fffc084c: 13430019: INCR(offset=343, [b8e00000, 00000000, 00000000, 00000105, 3f000000, 3f800000, 3f800000, 00000000, 00000000, 00000000, 3f000000, 3f800000, 00000000, 00000000, 00000000, 00000000, 00000000, 3efffff0, 00000000, 00000000, 3efffff0, 3f800000, 3f800000, 3f800000, 00000205])
 fffc08b4: 43630000: IMM(offset=363, data=000)
 fffc08b8: 43640000: IMM(offset=364, data=000)
 fffc08bc: 440007ff: IMM(offset=400, data=7ff)
 fffc08c0: 440107ff: IMM(offset=401, data=7ff)
 fffc08c4: 14020012: INCR(offset=402, [00000040, 00000310, 00000000, 000fffff, 00000001, 00000000, 00000000, 00000000, 1fff1fff, 00000000, 00000006, 00000000, 00000008, 00000048, 00000000, 00000000, 00000000, 00000000])
 fffc0910: 45000000: IMM(offset=500, data=000)
 fffc0914: 45010007: IMM(offset=501, data=007)
 fffc0918: 45020000: IMM(offset=502, data=000)
 fffc091c: 45030000: IMM(offset=503, data=000)
 fffc0920: 15200020: INCR(offset=520, [00000000, 00000000, 00000000, 00000000, 00000000, 00000000, 00000000, 00000000, 00000000, 00000000, 00000000, 00000000, 00000000, 00000000, 00000000, 00000000, 00000000, 00000000, 00000000, 00000000, 00000000, 00000000, 00000000, 00000000, 00000000, 00000000, 00000000, 00000000, 00000000, 00000000, 00000000, 00000000])
 fffc09a4: 45400000: IMM(offset=540, data=000)
 fffc09a8: 45420000: IMM(offset=542, data=000)
 fffc09ac: 45430000: IMM(offset=543, data=000)
 fffc09b0: 45440000: IMM(offset=544, data=000)
 fffc09b4: 45450000: IMM(offset=545, data=000)
 fffc09b8: 45460000: IMM(offset=546, data=000)
 fffc09bc: 460e0000: IMM(offset=60e, data=000)
 fffc09c0: 47020000: IMM(offset=702, data=000)
 fffc09c4: 47400001: IMM(offset=740, data=001)
 fffc09c8: 47410000: IMM(offset=741, data=000)
 fffc09cc: 47420000: IMM(offset=742, data=000)
 fffc09d4: 49030000: IMM(offset=903, data=000)
 fffc09d8: 1a00000d: INCR(offset=a00, [00000e00, 00000000, 000001ff, 000001ff, 000001ff, 00000030, 00000020, 000001ff, 00000100, 0f0f0f0f, 00000000, 00000000, 00000000])
 fffc0a10: 4e200000: IMM(offset=e20, data=000)
 fffc0a14: 4e210000: IMM(offset=e21, data=000)
 fffc0a18: 4e220000: IMM(offset=e22, data=000)
 fffc0a1c: 4e250000: IMM(offset=e25, data=000)
 fffc0a20: 4e260000: IMM(offset=e26, data=000)
 fffc0a24: 4e270000: IMM(offset=e27, data=000)
 fffc0a28: 4e280000: IMM(offset=e28, data=000)
 fffc0a2c: 4e290000: IMM(offset=e29, data=000)
 fffc0a30: 1e100000: INCR(offset=e10, [])
 fffc0a34: 1e000000: INCR(offset=e00, [])
 fffc0a38: 19030001: INCR(offset=903, [00000000])
 fffc0a40: 13520006: INCR(offset=352, [45160000, c5160000, 3efffff0, 45160000, c5160000, 3efffff0])
 fffc0a5c: 14040002: INCR(offset=404, [00000000, 000fffff])
 fffc0a68: 13580003: INCR(offset=358, [41cb92c6, 41cb92c6, 40dfae14])
 fffc0a78: 00000000: SETCL(class=000)
 fffc0a7c: 00000000: SETCL(class=000)
 fffc0a80: 00000000: SETCL(class=000)
 fffc0a84: 14030001: INCR(offset=403, [00000200])
 fffc0a8c: 11000002: INCR(offset=100, [00000000, 0000082d])
 fffc0a98: 11020002: INCR(offset=102, [00000601, 00000c3d])
 fffc0aa4: 42070000: IMM(offset=207, data=000)
 fffc0aa8: 22080010: NONINCR(offset=208, [3f000000, 00000000, 00000000, 00000000, 00000000, 3f000000, 00000000, 00000000, 00000000, 00000000, 3f000000, 00000000, 00000000, 00000000, 00000000, 3f800000])
 fffc0aec: 42050000: IMM(offset=205, data=000)
 fffc0af0: 22060014: NONINCR(offset=206, [00001c6c, 0080100d, 81954080, 0001e07c, 00001c6c, 0100000d, 81800083, 
 fffc0b44: 1e200001: INCR(offset=e20, [58000000])
 fffc0b50: 4e220000: IMM(offset=e22, data=000)
 fffc0b54: 46030000: IMM(offset=603, data=000)
 fffc0b58: 48030000: IMM(offset=803, data=000)
 fffc0b5c: 15200001: INCR(offset=520, [20006001])
 fffc0b64: 15460001: INCR(offset=546, [00000040])
 fffc0b6c: 45000000: IMM(offset=500, data=000)
 fffc0b70: 25410001: NONINCR(offset=541, [00000000])
 fffc0b78: 26010001: NONINCR(offset=601, [00000001])
 fffc0b80: 26040002: NONINCR(offset=604, [104e51ba, 00408102])
 fffc0b8c: 27010001: NONINCR(offset=701, [00000000])
 fffc0b94: 28010001: NONINCR(offset=801, [00000001])
 fffc0b9c: 28040008: NONINCR(offset=804, [0001a000, 3f41f231, 00014040, 3f41f231, 00012080, 3f41f231, 0001c0c0, 3f41f231])
 fffc0bc0: 28060001: NONINCR(offset=806, [00000000])
 fffc0bc8: 29010001: NONINCR(offset=901, [00028005])
 fffc0bd0: 1e210001: INCR(offset=e21, [00000140])
 fffc0bd8: 13430001: INCR(offset=343, [b8e08000])
 fffc0be0: 13000002: INCR(offset=300, [00000008, 0000fedc])
 fffc0bec: 11200001: INCR(offset=120, [00030003])
 fffc0bf4: 11220001: INCR(offset=122, [cc000000])
 fffc0bfc: 11230001: INCR(offset=123, [00200000])
 fffc0c04: 20000001: NONINCR(offset=000, [00000102])
