spawn ssh -tt -o StrictHostKeyChecking=no -o PreferredAuthentications=password -o PubkeyAuthentication=no -o NumberOfPasswordPrompts=1 leonb@10.101.32.179 sh -c 'DISPLAY=:0 XAUTHORITY=/home/leonb/.Xauthority LD_LIBRARY_PATH=/opt/grate-mesa/lib LIBGL_DRIVERS_PATH=/opt/grate-mesa/lib/dri MESA_LOADER_DRIVER_OVERRIDE=tegra LIBGL_DEBUG=verbose glxinfo -B 2>&1'
leonb@10.101.32.179's password: 
name of display: :0
libGL: Can't open configuration file /usr/local/etc/drirc: No such file or directory.
libGL: Can't open configuration file /home/leonb/.drirc: No such file or directory.
libGL: MESA-LOADER: dlopen(/opt/grate-mesa/lib/dri/tegra_dri.so)
libGL: Can't open configuration file /usr/local/etc/drirc: No such file or directory.
libGL: Can't open configuration file /home/leonb/.drirc: No such file or directory.
libGL: Can't open configuration file /usr/local/etc/drirc: No such file or directory.
libGL: Can't open configuration file /home/leonb/.drirc: No such file or directory.
libGL: Using DRI3 for screen 0
unsupported handle type: 2
display: :0  screen: 0
direct rendering: Yes
Extended renderer info (GLX_MESA_query_renderer):
    Vendor: Grate (0x10de)
    Device: Tegra (0xffffffff)
    Version: 22.2.4
    Accelerated: yes
    Video memory: 64MB
    Unified memory: yes
    Preferred profile: compat (0x2)
    Max core profile version: 0.0
    Max compat profile version: 2.1
    Max GLES1 profile version: 1.1
    Max GLES[23] profile version: 2.0
OpenGL vendor string: Grate
OpenGL renderer string: Tegra
OpenGL version string: 2.1 Mesa 22.2.4
OpenGL shading language version string: 1.20
unsupported handle type: 2
Assertion failed: maxcb <= PIPE_MAX_CONSTANT_BUFFERS (../src/gallium/auxiliary/cso_cache/cso_context.c: cso_unbind_context: 349)
Connection to 10.101.32.179 closed.
