ninja: entering directory 'build'
[1/1009] Generating src/egl/egl.def with a custom command
[2/1009] Compiling C object src/egl/libEGL.so.1.0.0.p/drivers_dri2_platform_drm.c.o
[3/1009] Compiling C object src/egl/libEGL.so.1.0.0.p/drivers_dri2_platform_x11_dri3.c.o
[4/1009] Compiling C object src/egl/libEGL.so.1.0.0.p/drivers_dri2_platform_x11.c.o
[5/1009] Compiling C object src/egl/libEGL.so.1.0.0.p/drivers_dri2_platform_surfaceless.c.o
[6/1009] Compiling C object src/egl/libEGL.so.1.0.0.p/drivers_dri2_platform_device.c.o
[7/1009] Compiling C object src/egl/libEGL.so.1.0.0.p/drivers_dri2_egl_dri2.c.o
[8/1009] Compiling C object src/egl/libEGL.so.1.0.0.p/main_eglsync.c.o
[9/1009] Compiling C object src/egl/libEGL.so.1.0.0.p/main_eglsurface.c.o
[10/1009] Compiling C object src/egl/libEGL.so.1.0.0.p/main_egllog.c.o
[11/1009] Compiling C object src/egl/libEGL.so.1.0.0.p/main_eglimage.c.o
[12/1009] Compiling C object src/egl/libEGL.so.1.0.0.p/main_eglglobals.c.o
[13/1009] Compiling C object src/egl/libEGL.so.1.0.0.p/main_egldisplay.c.o
[14/1009] Compiling C object src/egl/libEGL.so.1.0.0.p/main_egldevice.c.o
[15/1009] Compiling C object src/egl/libEGL.so.1.0.0.p/main_eglcurrent.c.o
[16/1009] Compiling C object src/egl/libEGL.so.1.0.0.p/main_eglcontext.c.o
[17/1009] Compiling C object src/egl/libEGL.so.1.0.0.p/main_eglconfig.c.o
[18/1009] Compiling C object src/egl/libEGL.so.1.0.0.p/main_eglconfigdebug.c.o
[19/1009] Compiling C object src/egl/libEGL.so.1.0.0.p/main_eglarray.c.o
[20/1009] Compiling C object src/egl/libEGL.so.1.0.0.p/main_eglapi.c.o
[21/1009] Generating src/mapi/glapi/gen/glapi_mapi_tmp.h with a custom command (wrapped by meson to capture output)
[22/1009] Compiling C object src/loader/libloader_dri3_helper.a.p/loader_dri3_helper.c.o
In file included from [01m[K../src/util/libsync.h:37[m[K,
                 from [01m[K../src/egl/drivers/dri2/egl_dri2.c:65[m[K:
[01m[K/usr/include/sys/poll.h:1:2:[m[K [01;35m[Kwarning: [m[K#warning redirecting incorrect #include <sys/poll.h> to <poll.h> [[01;35m[K-Wcpp[m[K]
    1 | #[01;35m[Kwarning[m[K redirecting incorrect #include <sys/poll.h> to <poll.h>
      |  [01;35m[K^~~~~~~[m[K
[23/1009] Generating src/mapi/glapi/gen/indirect_size.c with a custom command (wrapped by meson to capture output)
[24/1009] Generating src/mapi/glapi/gen/indirect_init.c with a custom command (wrapped by meson to capture output)
[25/1009] Generating src/mapi/glapi/gen/indirect_size.h with a custom command (wrapped by meson to capture output)
[26/1009] Compiling C object src/mapi/glapi/libglapi_bridge.a.p/.._entry.c.o
[27/1009] Generating src/mapi/glapi/gen/indirect.h with a custom command (wrapped by meson to capture output)
[28/1009] Generating src/mapi/glapi/gen/indirect.c with a custom command (wrapped by meson to capture output)
[29/1009] Generating src/mapi/glapi/gen/marshal_generated7.c with a custom command (wrapped by meson to capture output)
[30/1009] Linking static target src/loader/libloader_dri3_helper.a
[31/1009] Generating src/mapi/glapi/gen/marshal_generated6.c with a custom command (wrapped by meson to capture output)
[32/1009] Compiling C object src/glx/libglx.a.p/dri3_glx.c.o
[33/1009] Compiling C object src/glx/libglx.a.p/meson-generated_.._.._mapi_glapi_gen_indirect.c.o
[34/1009] Compiling C object src/glx/libglx.a.p/dri2_glx.c.o
[35/1009] Compiling C object src/glx/libglx.a.p/dri2.c.o
[36/1009] Compiling C object src/glx/libglx.a.p/xfont.c.o
[37/1009] Compiling C object src/glx/libglx.a.p/vertarr.c.o
[38/1009] Compiling C object src/glx/libglx.a.p/singlepix.c.o
[39/1009] Compiling C object src/glx/libglx.a.p/single2.c.o
[40/1009] Compiling C object src/glx/libglx.a.p/renderpix.c.o
[41/1009] Compiling C object src/glx/libglx.a.p/render2.c.o
[42/1009] Compiling C object src/glx/libglx.a.p/query_renderer.c.o
[43/1009] Compiling C object src/glx/libglx.a.p/pixelstore.c.o
[44/1009] Compiling C object src/glx/libglx.a.p/pixel.c.o
[45/1009] Compiling C object src/glx/libglx.a.p/indirect_window_pos.c.o
[46/1009] Compiling C object src/glx/libglx.a.p/indirect_vertex_program.c.o
[47/1009] Compiling C object src/glx/libglx.a.p/indirect_vertex_array.c.o
[48/1009] Compiling C object src/glx/libglx.a.p/indirect_transpose_matrix.c.o
[49/1009] Compiling C object src/glx/libglx.a.p/indirect_texture_compression.c.o
[50/1009] Compiling C object src/glx/libglx.a.p/indirect_glx.c.o
[51/1009] Compiling C object src/glx/libglx.a.p/glx_query.c.o
[52/1009] Compiling C object src/glx/libglx.a.p/glx_pbuffer.c.o
[53/1009] Compiling C object src/glx/libglx.a.p/glxhash.c.o
[54/1009] Compiling C object src/glx/libglx.a.p/glxextensions.c.o
[55/1009] Linking static target src/mapi/glapi/libglapi_bridge.a
[56/1009] Compiling C object src/glx/libglx.a.p/glxext.c.o
[57/1009] Compiling C object src/glx/libglx.a.p/glx_error.c.o
[58/1009] Compiling C object src/glx/libglx.a.p/glxcurrent.c.o
[59/1009] Compiling C object src/glx/libglx.a.p/glxconfig.c.o
[60/1009] Compiling C object src/glx/libglx.a.p/glxcmds.c.o
[61/1009] Compiling C object src/glx/libglx.a.p/eval.c.o
[62/1009] Compiling C object src/glx/libglx.a.p/drisw_glx.c.o
[63/1009] Compiling C object src/glx/libglx.a.p/dri_common_interop.c.o
[64/1009] Compiling C object src/glx/libglx.a.p/dri_common_query_renderer.c.o
[65/1009] Compiling C object src/glx/libglx.a.p/dri_common.c.o
[66/1009] Compiling C object src/glx/libglx.a.p/create_context.c.o
[67/1009] Compiling C object src/glx/libglx.a.p/compsize.c.o
[68/1009] Compiling C object src/glx/libglx.a.p/clientinfo.c.o
[69/1009] Compiling C object src/glx/libglx.a.p/clientattrib.c.o
[70/1009] Compiling C object src/glx/libglx.a.p/meson-generated_.._.._mapi_glapi_gen_indirect_size.c.o
[71/1009] Compiling C object src/glx/libglx.a.p/meson-generated_.._.._mapi_glapi_gen_indirect_init.c.o
[72/1009] Generating src/mapi/glapi/gen/marshal_generated5.c with a custom command (wrapped by meson to capture output)
[73/1009] Generating src/mapi/glapi/gen/marshal_generated4.c with a custom command (wrapped by meson to capture output)
[74/1009] Generating src/mapi/glapi/gen/marshal_generated3.c with a custom command (wrapped by meson to capture output)
[75/1009] Generating src/mapi/glapi/gen/marshal_generated2.c with a custom command (wrapped by meson to capture output)
[76/1009] Generating src/mapi/glapi/gen/marshal_generated1.c with a custom command (wrapped by meson to capture output)
[77/1009] Generating src/mapi/glapi/gen/marshal_generated0.c with a custom command (wrapped by meson to capture output)
[78/1009] Generating src/mesa/format_fallback.c with a custom command
[79/1009] Generating src/mapi/glapi/gen/enums.c with a custom command (wrapped by meson to capture output)
[80/1009] Generating src/mapi/glapi/gen/api_exec_init.c with a custom command (wrapped by meson to capture output)
[81/1009] Generating src/mesa/program/program_parse_tab.[ch] with a custom command
[82/1009] Generating src/mesa/main/remap_helper.h with a custom command (wrapped by meson to capture output)
[83/1009] Generating src/mesa/main/marshal_generated.h with a custom command (wrapped by meson to capture output)
[84/1009] Generating src/mesa/main/dispatch.h with a custom command (wrapped by meson to capture output)
[85/1009] Generating src/mesa/get_hash.h with a custom command (wrapped by meson to capture output)
[86/1009] Generating src/mesa/format_info.h with a custom command (wrapped by meson to capture output)
[87/1009] Generating src/mapi/glapi/gen/api_vtxfmt_init.h with a custom command (wrapped by meson to capture output)
[88/1009] Generating src/mapi/glapi/gen/api_save_init.h with a custom command (wrapped by meson to capture output)
[89/1009] Generating src/mapi/glapi/gen/api_save.h with a custom command (wrapped by meson to capture output)
[90/1009] Generating src/mapi/glapi/gen/api_hw_select_init.h with a custom command (wrapped by meson to capture output)
[91/1009] Generating src/mapi/glapi/gen/api_exec_decl.h with a custom command (wrapped by meson to capture output)
[92/1009] Generating src/mesa/program/mesa_lex with a custom command
[93/1009] Compiling C object src/gallium/winsys/sw/wrapper/libwsw.a.p/wrapper_sw_winsys.c.o
[94/1009] Compiling C object src/gallium/winsys/sw/null/libws_null.a.p/null_sw_winsys.c.o
[95/1009] Compiling C object src/gallium/drivers/grate/libgrate.a.p/grate_surface.c.o
[96/1009] Compiling C object src/gallium/drivers/grate/libgrate.a.p/grate_stream.c.o
[97/1009] Linking static target src/gallium/winsys/sw/null/libws_null.a
[98/1009] Compiling C object src/gallium/drivers/grate/libgrate.a.p/grate_state.c.o
[99/1009] Linking static target src/gallium/winsys/sw/wrapper/libwsw.a
[100/1009] Compiling C object src/gallium/drivers/grate/libgrate.a.p/grate_screen.c.o
[101/1009] Compiling C object src/gallium/drivers/grate/libgrate.a.p/grate_resource.c.o
[102/1009] Compiling C object src/gallium/drivers/grate/libgrate.a.p/grate_program.c.o
[103/1009] Compiling C object src/gallium/drivers/grate/libgrate.a.p/grate_draw.c.o
[104/1009] Linking static target src/glx/libglx.a
[105/1009] Compiling C object src/gallium/drivers/grate/libgrate.a.p/grate_context.c.o
[106/1009] Compiling C object src/gallium/drivers/grate/libgrate.a.p/vp_tgsi.c.o
[107/1009] Compiling C object src/gallium/drivers/grate/libgrate.a.p/vp_pack.c.o
[108/1009] Compiling C object src/gallium/drivers/grate/libgrate.a.p/fp_tgsi.c.o
[109/1009] Compiling C object src/gallium/drivers/grate/libgrate.a.p/fp_pack.c.o
[110/1009] Compiling C object src/gallium/drivers/grate/libgrate.a.p/drm_uapi_v2_job.c.o
[111/1009] Compiling C object src/gallium/drivers/grate/libgrate.a.p/drm_uapi_v1_pushbuf.c.o
[112/1009] Compiling C object src/gallium/drivers/grate/libgrate.a.p/drm_uapi_v1_job.c.o
[113/1009] Compiling C object src/gallium/drivers/grate/libgrate.a.p/drm_uapi_v1_fence.c.o
[114/1009] Compiling C object src/gallium/drivers/grate/libgrate.a.p/drm_uapi_v1_channel.c.o
[115/1009] Compiling C object src/gallium/drivers/grate/libgrate.a.p/drm_tegra_bo_cache.c.o
[116/1009] Compiling C object src/gallium/drivers/grate/libgrate.a.p/drm_tegra.c.o
[117/1009] Compiling C object src/gallium/auxiliary/pipe-loader/libpipe_loader_static.a.p/pipe_loader_drm.c.o
[118/1009] Compiling C object src/gallium/auxiliary/pipe-loader/libpipe_loader_static.a.p/pipe_loader_sw.c.o
[119/1009] Compiling C object src/gallium/auxiliary/pipe-loader/libpipe_loader_static.a.p/pipe_loader.c.o
[120/1009] Compiling C object src/gallium/auxiliary/libgalliumvl.a.p/vl_vl_zscan.c.o
[121/1009] Compiling C object src/gallium/auxiliary/libgalliumvl.a.p/vl_vl_video_buffer.c.o
[122/1009] Compiling C object src/gallium/auxiliary/libgalliumvl.a.p/vl_vl_vertex_buffers.c.o
[123/1009] Compiling C object src/gallium/auxiliary/libgalliumvl.a.p/vl_vl_mpeg12_decoder.c.o
[124/1009] Linking static target src/gallium/auxiliary/pipe-loader/libpipe_loader_static.a
[125/1009] Compiling C object src/gallium/auxiliary/libgalliumvl.a.p/vl_vl_mpeg12_bitstream.c.o
[126/1009] Linking static target src/gallium/drivers/grate/libgrate.a
[127/1009] Compiling C object src/gallium/auxiliary/libgalliumvl.a.p/vl_vl_median_filter.c.o
[128/1009] Compiling C object src/gallium/auxiliary/libgalliumvl.a.p/vl_vl_mc.c.o
[129/1009] Compiling C object src/gallium/auxiliary/libgalliumvl.a.p/vl_vl_matrix_filter.c.o
[130/1009] Compiling C object src/gallium/auxiliary/libgalliumvl.a.p/vl_vl_idct.c.o
[131/1009] Compiling C object src/gallium/auxiliary/libgalliumvl.a.p/vl_vl_deint_filter.c.o
[132/1009] Compiling C object src/gallium/auxiliary/libgalliumvl.a.p/vl_vl_decoder.c.o
[133/1009] Compiling C object src/gallium/auxiliary/libgalliumvl.a.p/vl_vl_csc.c.o
[134/1009] Compiling C object src/gallium/auxiliary/libgalliumvl.a.p/vl_vl_compositor_cs.c.o
[135/1009] Compiling C object src/gallium/auxiliary/libgalliumvl.a.p/vl_vl_compositor_gfx.c.o
[136/1009] Compiling C object src/gallium/auxiliary/libgalliumvl.a.p/vl_vl_compositor.c.o
[137/1009] Compiling C object src/gallium/auxiliary/libgalliumvl.a.p/vl_vl_codec.c.o
[138/1009] Compiling C object src/gallium/auxiliary/libgalliumvl.a.p/vl_vl_bicubic_filter.c.o
[139/1009] Generating src/gallium/auxiliary/u_tracepoints.c with a custom command
[140/1009] Generating src/gallium/auxiliary/u_tracepoints.h with a custom command
[141/1009] Generating src/gallium/auxiliary/tr_util.[ch] with a custom command
[142/1009] Generating src/compiler/nir/nir_intrinsic.c with a custom command
[143/1009] Generating src/compiler/spirv/vtn_gather_types.c with a custom command
[144/1009] Generating src/compiler/nir/nir_constant_expressions.c with a custom command (wrapped by meson to capture output)
[145/1009] Generating src/compiler/nir/nir_opcodes.c with a custom command (wrapped by meson to capture output)
[146/1009] Generating src/compiler/nir/nir_opt_algebraic.c with a custom command (wrapped by meson to capture output)
[147/1009] Generating src/compiler/spirv/vtn_generator_ids.h with a custom command
[148/1009] Generating src/compiler/spirv/spirv_info.c with a custom command
[149/1009] Generating src/compiler/glsl/glsl_lexer_cpp with a custom command
[150/1009] Generating src/compiler/ir_expression_operation.h with a custom command (wrapped by meson to capture output)
[151/1009] Generating src/compiler/glsl/ir_expression_operation_strings.h with a custom command (wrapped by meson to capture output)
[152/1009] Generating src/compiler/glsl/ir_expression_operation_constant.h with a custom command (wrapped by meson to capture output)
[153/1009] Generating src/compiler/glsl/float64_glsl.h with a custom command
[154/1009] Generating src/compiler/glsl/glsl_parser with a custom command
[155/1009] Compiling C object src/compiler/libcompiler.a.p/shader_enums.c.o
[156/1009] Compiling C++ object src/compiler/libcompiler.a.p/nir_types.cpp.o
[157/1009] Compiling C++ object src/compiler/libcompiler.a.p/glsl_types.cpp.o
[158/1009] Linking static target src/gallium/auxiliary/libgalliumvl.a
[159/1009] Generating src/compiler/glsl/glcpp/glcpp-parse.[ch] with a custom command
[160/1009] Generating src/compiler/glsl/glcpp/glcpp-lex.c with a custom command
[161/1009] Compiling C object src/gallium/targets/dri/libgallium_dri.so.p/target.c.o
[162/1009] Compiling C object src/compiler/glsl/glcpp/libglcpp.a.p/pp.c.o
[163/1009] Compiling C object src/compiler/glsl/glcpp/libglcpp.a.p/meson-generated_.._glcpp-parse.c.o
[164/1009] Compiling C object src/compiler/glsl/glcpp/libglcpp.a.p/meson-generated_.._glcpp-lex.c.o
[165/1009] Compiling C object src/gallium/frontends/dri/libdri.a.p/dri2.c.o
[166/1009] Compiling C object src/gallium/frontends/dri/libdri.a.p/drisw.c.o
[167/1009] Compiling C object src/gallium/frontends/dri/libdri.a.p/dri_util.c.o
[168/1009] Compiling C object src/gallium/frontends/dri/libdri.a.p/dri_screen.c.o
[169/1009] Linking static target src/compiler/glsl/glcpp/libglcpp.a
[170/1009] Compiling C object src/gallium/frontends/dri/libdri.a.p/dri_query_renderer.c.o
In file included from [01m[K../src/util/libsync.h:37[m[K,
                 from [01m[K../src/gallium/frontends/dri/dri2.c:38[m[K:
[01m[K/usr/include/sys/poll.h:1:2:[m[K [01;35m[Kwarning: [m[K#warning redirecting incorrect #include <sys/poll.h> to <poll.h> [[01;35m[K-Wcpp[m[K]
    1 | #[01;35m[Kwarning[m[K redirecting incorrect #include <sys/poll.h> to <poll.h>
      |  [01;35m[K^~~~~~~[m[K
[171/1009] Compiling C object src/gallium/frontends/dri/libdri.a.p/dri_helpers.c.o
[172/1009] Compiling C object src/gallium/frontends/dri/libdri.a.p/dri_drawable.c.o
[173/1009] Compiling C object src/gallium/frontends/dri/libdri.a.p/dri_context.c.o
[174/1009] Compiling C object src/gallium/winsys/tegra/drm/libtegradrm.a.p/tegra_drm_winsys.c.o
[175/1009] Linking static target src/compiler/libcompiler.a
[176/1009] Generating src/compiler/nir/nir_opcodes.h with a custom command (wrapped by meson to capture output)
[177/1009] Generating src/compiler/nir/nir_intrinsics_indices.h with a custom command
[178/1009] Linking static target src/gallium/winsys/tegra/drm/libtegradrm.a
[179/1009] Generating src/compiler/nir/nir_intrinsics.h with a custom command
[180/1009] Generating src/compiler/nir/nir_builder_opcodes.h with a custom command (wrapped by meson to capture output)
[181/1009] Compiling C object src/gallium/winsys/sw/kms-dri/libswkmsdri.a.p/kms_dri_sw_winsys.c.o
[182/1009] Compiling C object src/gallium/winsys/sw/dri/libswdri.a.p/dri_sw_winsys.c.o
[183/1009] Compiling C object src/gallium/drivers/softpipe/libsoftpipe.a.p/sp_tile_cache.c.o
[184/1009] Compiling C object src/gallium/drivers/softpipe/libsoftpipe.a.p/sp_texture.c.o
[185/1009] Linking static target src/gallium/frontends/dri/libdri.a
[186/1009] Compiling C object src/gallium/drivers/softpipe/libsoftpipe.a.p/sp_tex_tile_cache.c.o
[187/1009] Linking static target src/gallium/winsys/sw/dri/libswdri.a
[188/1009] Compiling C object src/gallium/drivers/softpipe/libsoftpipe.a.p/sp_tex_sample.c.o
[189/1009] Linking static target src/gallium/winsys/sw/kms-dri/libswkmsdri.a
[190/1009] Compiling C object src/gallium/drivers/softpipe/libsoftpipe.a.p/sp_surface.c.o
[191/1009] Compiling C object src/gallium/drivers/softpipe/libsoftpipe.a.p/sp_state_vertex.c.o
[192/1009] Compiling C object src/compiler/nir/libnir.a.p/meson-generated_.._nir_opt_algebraic.c.o
[193/1009] Compiling C object src/gallium/drivers/softpipe/libsoftpipe.a.p/sp_state_surface.c.o
[194/1009] Compiling C object src/gallium/drivers/softpipe/libsoftpipe.a.p/sp_state_so.c.o
[195/1009] Compiling C object src/gallium/drivers/softpipe/libsoftpipe.a.p/sp_state_shader.c.o
[196/1009] Compiling C object src/gallium/drivers/softpipe/libsoftpipe.a.p/sp_state_sampler.c.o
[197/1009] Compiling C object src/gallium/drivers/softpipe/libsoftpipe.a.p/sp_state_rasterizer.c.o
[198/1009] Compiling C object src/gallium/drivers/softpipe/libsoftpipe.a.p/sp_state_image.c.o
[199/1009] Compiling C object src/gallium/drivers/softpipe/libsoftpipe.a.p/sp_state_derived.c.o
[200/1009] Compiling C object src/gallium/drivers/softpipe/libsoftpipe.a.p/sp_state_clip.c.o
[201/1009] Compiling C object src/gallium/drivers/softpipe/libsoftpipe.a.p/sp_state_blend.c.o
[202/1009] Compiling C object src/gallium/drivers/softpipe/libsoftpipe.a.p/sp_setup.c.o
[203/1009] Compiling C object src/gallium/drivers/softpipe/libsoftpipe.a.p/sp_screen.c.o
[204/1009] Compiling C object src/gallium/drivers/softpipe/libsoftpipe.a.p/sp_query.c.o
[205/1009] Compiling C object src/gallium/drivers/softpipe/libsoftpipe.a.p/sp_quad_pipe.c.o
[206/1009] Compiling C object src/gallium/drivers/softpipe/libsoftpipe.a.p/sp_quad_fs.c.o
[207/1009] Compiling C object src/gallium/drivers/softpipe/libsoftpipe.a.p/sp_quad_depth_test.c.o
[208/1009] Compiling C object src/gallium/drivers/softpipe/libsoftpipe.a.p/sp_quad_blend.c.o
[209/1009] Compiling C object src/gallium/drivers/softpipe/libsoftpipe.a.p/sp_prim_vbuf.c.o
[210/1009] Compiling C object src/gallium/drivers/softpipe/libsoftpipe.a.p/sp_image.c.o
[211/1009] Compiling C object src/gallium/drivers/softpipe/libsoftpipe.a.p/sp_fs_exec.c.o
[212/1009] Compiling C object src/gallium/drivers/softpipe/libsoftpipe.a.p/sp_flush.c.o
[213/1009] Compiling C object src/gallium/drivers/softpipe/libsoftpipe.a.p/sp_fence.c.o
[214/1009] Compiling C object src/gallium/drivers/softpipe/libsoftpipe.a.p/sp_draw_arrays.c.o
[215/1009] Compiling C object src/gallium/drivers/softpipe/libsoftpipe.a.p/sp_compute.c.o
[216/1009] Compiling C object src/gallium/drivers/softpipe/libsoftpipe.a.p/sp_context.c.o
[217/1009] Compiling C object src/gallium/drivers/softpipe/libsoftpipe.a.p/sp_clear.c.o
[218/1009] Compiling C object src/gallium/drivers/softpipe/libsoftpipe.a.p/sp_buffer.c.o
[219/1009] Compiling C object src/gallium/auxiliary/libgallium.a.p/renderonly_renderonly.c.o
[220/1009] Compiling C object src/gallium/auxiliary/libgallium.a.p/nir_nir_helpers.c.o
[221/1009] Compiling C object src/gallium/auxiliary/libgallium.a.p/nir_nir_draw_helpers.c.o
[222/1009] Compiling C object src/gallium/auxiliary/libgallium.a.p/nir_nir_to_tgsi.c.o
[223/1009] Linking static target src/gallium/drivers/softpipe/libsoftpipe.a
[224/1009] Compiling C object src/gallium/auxiliary/libgallium.a.p/nir_tgsi_to_nir.c.o
[225/1009] Compiling C object src/gallium/auxiliary/libgallium.a.p/util_u_vertex_state_cache.c.o
[226/1009] Compiling C object src/gallium/auxiliary/libgallium.a.p/util_u_vbuf.c.o
[227/1009] Compiling C object src/gallium/auxiliary/libgallium.a.p/util_u_upload_mgr.c.o
[228/1009] Compiling C object src/gallium/auxiliary/libgallium.a.p/util_u_trace_gallium.c.o
[229/1009] Compiling C object src/gallium/auxiliary/libgallium.a.p/util_u_threaded_context.c.o
[230/1009] Compiling C object src/gallium/auxiliary/libgallium.a.p/util_u_transfer_helper.c.o
[231/1009] Compiling C object src/gallium/auxiliary/libgallium.a.p/util_u_transfer.c.o
[232/1009] Compiling C object src/gallium/auxiliary/libgallium.a.p/util_u_tile.c.o
[233/1009] Compiling C object src/gallium/auxiliary/libgallium.a.p/util_u_texture.c.o
[234/1009] Compiling C object src/gallium/auxiliary/libgallium.a.p/util_u_tests.c.o
[235/1009] Compiling C object src/gallium/auxiliary/libgallium.a.p/util_u_surface.c.o
[236/1009] Compiling C object src/gallium/auxiliary/libgallium.a.p/util_u_suballoc.c.o
[237/1009] Compiling C object src/gallium/auxiliary/libgallium.a.p/util_u_split_draw.c.o
In file included from [01m[K../src/util/libsync.h:37[m[K,
                 from [01m[K../src/gallium/auxiliary/util/u_tests.c:521[m[K:
[01m[K/usr/include/sys/poll.h:1:2:[m[K [01;35m[Kwarning: [m[K#warning redirecting incorrect #include <sys/poll.h> to <poll.h> [[01;35m[K-Wcpp[m[K]
    1 | #[01;35m[Kwarning[m[K redirecting incorrect #include <sys/poll.h> to <poll.h>
      |  [01;35m[K^~~~~~~[m[K
[238/1009] Compiling C object src/gallium/auxiliary/libgallium.a.p/util_u_simple_shaders.c.o
[239/1009] Compiling C object src/gallium/auxiliary/libgallium.a.p/util_u_screen.c.o
[240/1009] Compiling C object src/gallium/auxiliary/libgallium.a.p/util_u_sampler.c.o
[241/1009] Compiling C object src/gallium/auxiliary/libgallium.a.p/util_u_resource.c.o
[242/1009] Compiling C object src/gallium/auxiliary/libgallium.a.p/util_u_pstipple.c.o
[243/1009] Compiling C object src/gallium/auxiliary/libgallium.a.p/util_u_prim_restart.c.o
[244/1009] Compiling C object src/gallium/auxiliary/libgallium.a.p/util_u_prim.c.o
[245/1009] Compiling C object src/gallium/auxiliary/libgallium.a.p/util_u_network.c.o
[246/1009] Compiling C object src/gallium/auxiliary/libgallium.a.p/util_u_log.c.o
[247/1009] Compiling C object src/gallium/auxiliary/libgallium.a.p/util_u_live_shader_cache.c.o
[248/1009] Compiling C object src/gallium/auxiliary/libgallium.a.p/util_u_linear.c.o
[249/1009] Compiling C object src/gallium/auxiliary/libgallium.a.p/util_u_index_modify.c.o
[250/1009] Compiling C object src/gallium/auxiliary/libgallium.a.p/util_u_helpers.c.o
[251/1009] Compiling C object src/gallium/auxiliary/libgallium.a.p/util_u_handle_table.c.o
[252/1009] Compiling C object src/gallium/auxiliary/libgallium.a.p/util_u_gen_mipmap.c.o
[253/1009] Compiling C object src/gallium/auxiliary/libgallium.a.p/util_u_framebuffer.c.o
[254/1009] Compiling C object src/gallium/auxiliary/libgallium.a.p/util_u_dump_state.c.o
[255/1009] Compiling C object src/gallium/auxiliary/libgallium.a.p/util_u_dump_defines.c.o
[256/1009] Compiling C object src/gallium/auxiliary/libgallium.a.p/util_u_driconf.c.o
[257/1009] Compiling C object src/gallium/auxiliary/libgallium.a.p/util_u_draw_quad.c.o
[258/1009] Compiling C object src/gallium/auxiliary/libgallium.a.p/util_u_draw.c.o
[259/1009] Compiling C object src/gallium/auxiliary/libgallium.a.p/util_u_debug_image.c.o
[260/1009] Compiling C object src/gallium/auxiliary/libgallium.a.p/util_u_debug_flush.c.o
[261/1009] Compiling C object src/gallium/auxiliary/libgallium.a.p/util_u_compute.c.o
[262/1009] Compiling C object src/gallium/auxiliary/libgallium.a.p/util_u_cache.c.o
[263/1009] Compiling C object src/gallium/auxiliary/libgallium.a.p/util_u_blitter.c.o
[264/1009] Compiling C object src/gallium/auxiliary/libgallium.a.p/util_u_bitmask.c.o
[265/1009] Compiling C object src/gallium/auxiliary/libgallium.a.p/util_u_async_debug.c.o
[266/1009] Compiling C object src/gallium/auxiliary/libgallium.a.p/translate_translate_sse.c.o
[267/1009] Compiling C object src/gallium/auxiliary/libgallium.a.p/translate_translate_generic.c.o
[268/1009] Compiling C object src/gallium/auxiliary/libgallium.a.p/translate_translate_cache.c.o
[269/1009] Compiling C object src/gallium/auxiliary/libgallium.a.p/translate_translate.c.o
[270/1009] Compiling C object src/gallium/auxiliary/libgallium.a.p/tgsi_tgsi_vpos.c.o
[271/1009] Compiling C object src/gallium/auxiliary/libgallium.a.p/tgsi_tgsi_util.c.o
[272/1009] Compiling C object src/gallium/auxiliary/libgallium.a.p/tgsi_tgsi_ureg.c.o
[273/1009] Compiling C object src/gallium/auxiliary/libgallium.a.p/tgsi_tgsi_two_side.c.o
[274/1009] Compiling C object src/gallium/auxiliary/libgallium.a.p/tgsi_tgsi_transform.c.o
[275/1009] Compiling C object src/gallium/auxiliary/libgallium.a.p/tgsi_tgsi_text.c.o
[276/1009] Compiling C object src/gallium/auxiliary/libgallium.a.p/tgsi_tgsi_strings.c.o
[277/1009] Compiling C object src/gallium/auxiliary/libgallium.a.p/tgsi_tgsi_scan.c.o
[278/1009] Compiling C object src/gallium/auxiliary/libgallium.a.p/tgsi_tgsi_sanity.c.o
[279/1009] Compiling C object src/gallium/auxiliary/libgallium.a.p/tgsi_tgsi_point_sprite.c.o
[280/1009] Compiling C object src/gallium/auxiliary/libgallium.a.p/tgsi_tgsi_parse.c.o
[281/1009] Compiling C object src/gallium/auxiliary/libgallium.a.p/tgsi_tgsi_lowering.c.o
[282/1009] Compiling C object src/gallium/auxiliary/libgallium.a.p/tgsi_tgsi_iterate.c.o
[283/1009] Compiling C object src/gallium/auxiliary/libgallium.a.p/tgsi_tgsi_info.c.o
[284/1009] Compiling C object src/gallium/auxiliary/libgallium.a.p/tgsi_tgsi_from_mesa.c.o
[285/1009] Compiling C object src/gallium/auxiliary/libgallium.a.p/tgsi_tgsi_exec.c.o
[286/1009] Compiling C object src/gallium/auxiliary/libgallium.a.p/tgsi_tgsi_dynamic_indexing.c.o
[287/1009] Compiling C object src/gallium/auxiliary/libgallium.a.p/tgsi_tgsi_dump.c.o
[288/1009] Compiling C object src/gallium/auxiliary/libgallium.a.p/tgsi_tgsi_build.c.o
[289/1009] Compiling C object src/gallium/auxiliary/libgallium.a.p/tgsi_tgsi_aa_point.c.o
[290/1009] Compiling C object src/gallium/auxiliary/libgallium.a.p/rtasm_rtasm_x86sse.c.o
[291/1009] Compiling C object src/gallium/auxiliary/libgallium.a.p/rtasm_rtasm_execmem.c.o
[292/1009] Compiling C object src/gallium/auxiliary/libgallium.a.p/rtasm_rtasm_cpu.c.o
[293/1009] Compiling C object src/gallium/auxiliary/libgallium.a.p/rbug_rbug_texture.c.o
[294/1009] Compiling C object src/gallium/auxiliary/libgallium.a.p/rbug_rbug_shader.c.o
[295/1009] Compiling C object src/gallium/auxiliary/libgallium.a.p/rbug_rbug_demarshal.c.o
[296/1009] Compiling C object src/gallium/auxiliary/libgallium.a.p/rbug_rbug_core.c.o
[297/1009] Compiling C object src/gallium/auxiliary/libgallium.a.p/rbug_rbug_context.c.o
[298/1009] Compiling C object src/gallium/auxiliary/libgallium.a.p/rbug_rbug_connection.c.o
[299/1009] Compiling C object src/gallium/auxiliary/libgallium.a.p/postprocess_pp_run.c.o
[300/1009] Compiling C object src/gallium/auxiliary/libgallium.a.p/postprocess_pp_program.c.o
[301/1009] Compiling C object src/gallium/auxiliary/libgallium.a.p/postprocess_pp_mlaa.c.o
[302/1009] Compiling C object src/gallium/auxiliary/libgallium.a.p/postprocess_pp_init.c.o
[303/1009] Compiling C object src/gallium/auxiliary/libgallium.a.p/postprocess_pp_colors.c.o
[304/1009] Compiling C object src/gallium/auxiliary/libgallium.a.p/postprocess_pp_celshade.c.o
[305/1009] Compiling C object src/gallium/auxiliary/libgallium.a.p/pipebuffer_pb_validate.c.o
[306/1009] Compiling C object src/gallium/auxiliary/libgallium.a.p/pipebuffer_pb_slab.c.o
[307/1009] Compiling C object src/gallium/auxiliary/libgallium.a.p/pipebuffer_pb_cache.c.o
[308/1009] Compiling C object src/gallium/auxiliary/libgallium.a.p/pipebuffer_pb_bufmgr_slab.c.o
[309/1009] Compiling C object src/gallium/auxiliary/libgallium.a.p/pipebuffer_pb_bufmgr_mm.c.o
[310/1009] Compiling C object src/gallium/auxiliary/libgallium.a.p/pipebuffer_pb_bufmgr_debug.c.o
[311/1009] Compiling C object src/gallium/auxiliary/libgallium.a.p/pipebuffer_pb_bufmgr_cache.c.o
[312/1009] Compiling C object src/gallium/auxiliary/libgallium.a.p/pipebuffer_pb_buffer_fenced.c.o
[313/1009] Compiling C object src/gallium/auxiliary/libgallium.a.p/os_os_process.c.o
[314/1009] Compiling C object src/gallium/auxiliary/libgallium.a.p/hud_hud_fps.c.o
[315/1009] Compiling C object src/gallium/auxiliary/libgallium.a.p/hud_hud_driver_query.c.o
[316/1009] Compiling C object src/gallium/auxiliary/libgallium.a.p/hud_hud_sensors_temp.c.o
[317/1009] Compiling C object src/gallium/auxiliary/libgallium.a.p/hud_hud_diskstat.c.o
[318/1009] Compiling C object src/gallium/auxiliary/libgallium.a.p/hud_hud_cpufreq.c.o
[319/1009] Compiling C object src/gallium/auxiliary/libgallium.a.p/hud_hud_nic.c.o
[320/1009] Compiling C object src/gallium/auxiliary/libgallium.a.p/hud_hud_cpu.c.o
[321/1009] Compiling C object src/gallium/auxiliary/libgallium.a.p/hud_hud_context.c.o
[322/1009] Compiling C object src/gallium/auxiliary/libgallium.a.p/hud_font.c.o
[323/1009] Compiling C object src/gallium/auxiliary/libgallium.a.p/driver_trace_tr_texture.c.o
[324/1009] Compiling C object src/gallium/auxiliary/libgallium.a.p/driver_trace_tr_screen.c.o
[325/1009] Compiling C object src/gallium/auxiliary/libgallium.a.p/driver_trace_tr_dump_state.c.o
[326/1009] Compiling C object src/gallium/auxiliary/libgallium.a.p/driver_trace_tr_dump.c.o
[327/1009] Compiling C object src/gallium/auxiliary/libgallium.a.p/driver_trace_tr_context.c.o
[328/1009] Compiling C object src/gallium/auxiliary/libgallium.a.p/driver_rbug_rbug_screen.c.o
[329/1009] Compiling C object src/gallium/auxiliary/libgallium.a.p/driver_rbug_rbug_objects.c.o
[330/1009] Compiling C object src/gallium/auxiliary/libgallium.a.p/driver_rbug_rbug_core.c.o
[331/1009] Compiling C object src/gallium/auxiliary/libgallium.a.p/driver_rbug_rbug_context.c.o
[332/1009] Compiling C object src/gallium/auxiliary/libgallium.a.p/driver_noop_noop_state.c.o
[333/1009] Compiling C object src/gallium/auxiliary/libgallium.a.p/driver_noop_noop_pipe.c.o
[334/1009] Compiling C object src/gallium/auxiliary/libgallium.a.p/driver_ddebug_dd_screen.c.o
[335/1009] Compiling C object src/gallium/auxiliary/libgallium.a.p/driver_ddebug_dd_draw.c.o
[336/1009] Compiling C object src/gallium/auxiliary/libgallium.a.p/driver_ddebug_dd_context.c.o
[337/1009] Compiling C object src/gallium/auxiliary/libgallium.a.p/draw_draw_vs_variant.c.o
[338/1009] Compiling C object src/gallium/auxiliary/libgallium.a.p/draw_draw_vs_exec.c.o
[339/1009] Compiling C object src/gallium/auxiliary/libgallium.a.p/draw_draw_vs.c.o
[340/1009] Compiling C object src/gallium/auxiliary/libgallium.a.p/draw_draw_vertex.c.o
[341/1009] Compiling C object src/gallium/auxiliary/libgallium.a.p/draw_draw_tess.c.o
[342/1009] Compiling C object src/gallium/auxiliary/libgallium.a.p/draw_draw_pt_vsplit.c.o
[343/1009] Compiling C object src/gallium/auxiliary/libgallium.a.p/draw_draw_pt_util.c.o
[344/1009] Compiling C object src/gallium/auxiliary/libgallium.a.p/draw_draw_pt_so_emit.c.o
[345/1009] Compiling C object src/gallium/auxiliary/libgallium.a.p/draw_draw_pt_post_vs.c.o
[346/1009] Compiling C object src/gallium/auxiliary/libgallium.a.p/draw_draw_pt_fetch_shade_pipeline.c.o
[347/1009] Compiling C object src/gallium/auxiliary/libgallium.a.p/draw_draw_pt_fetch_shade_emit.c.o
[348/1009] Compiling C object src/gallium/auxiliary/libgallium.a.p/draw_draw_pt_fetch.c.o
[349/1009] Compiling C object src/gallium/auxiliary/libgallium.a.p/draw_draw_pt_emit.c.o
[350/1009] Compiling C object src/gallium/auxiliary/libgallium.a.p/draw_draw_pt.c.o
[351/1009] Compiling C object src/gallium/auxiliary/libgallium.a.p/draw_draw_prim_assembler.c.o
[352/1009] Compiling C object src/gallium/auxiliary/libgallium.a.p/draw_draw_pipe_wide_point.c.o
[353/1009] Compiling C object src/gallium/auxiliary/libgallium.a.p/draw_draw_pipe_wide_line.c.o
[354/1009] Compiling C object src/gallium/auxiliary/libgallium.a.p/draw_draw_pipe_vbuf.c.o
[355/1009] Compiling C object src/gallium/auxiliary/libgallium.a.p/draw_draw_pipe_validate.c.o
[356/1009] Compiling C object src/gallium/auxiliary/libgallium.a.p/draw_draw_pipe_util.c.o
[357/1009] Compiling C object src/gallium/auxiliary/libgallium.a.p/draw_draw_pipe_user_cull.c.o
[358/1009] Compiling C object src/gallium/auxiliary/libgallium.a.p/draw_draw_pipe_unfilled.c.o
[359/1009] Compiling C object src/gallium/auxiliary/libgallium.a.p/draw_draw_pipe_twoside.c.o
[360/1009] Compiling C object src/gallium/auxiliary/libgallium.a.p/draw_draw_pipe_stipple.c.o
[361/1009] Compiling C object src/gallium/auxiliary/libgallium.a.p/draw_draw_pipe_pstipple.c.o
[362/1009] Compiling C object src/gallium/auxiliary/libgallium.a.p/draw_draw_pipe_offset.c.o
[363/1009] Compiling C object src/gallium/auxiliary/libgallium.a.p/draw_draw_pipe_flatshade.c.o
[364/1009] Compiling C object src/gallium/auxiliary/libgallium.a.p/draw_draw_pipe_cull.c.o
[365/1009] Compiling C object src/gallium/auxiliary/libgallium.a.p/draw_draw_pipe_clip.c.o
[366/1009] Compiling C object src/gallium/auxiliary/libgallium.a.p/draw_draw_pipe.c.o
[367/1009] Compiling C object src/gallium/auxiliary/libgallium.a.p/draw_draw_pipe_aapoint.c.o
[368/1009] Compiling C object src/gallium/auxiliary/libgallium.a.p/draw_draw_pipe_aaline.c.o
[369/1009] Compiling C object src/gallium/auxiliary/libgallium.a.p/draw_draw_gs.c.o
[370/1009] Compiling C object src/gallium/auxiliary/libgallium.a.p/draw_draw_fs.c.o
[371/1009] Compiling C object src/gallium/auxiliary/libgallium.a.p/draw_draw_context.c.o
[372/1009] Compiling C object src/gallium/auxiliary/libgallium.a.p/cso_cache_cso_hash.c.o
[373/1009] Compiling C object src/gallium/auxiliary/libgallium.a.p/cso_cache_cso_context.c.o
[374/1009] Compiling C object src/gallium/auxiliary/libgallium.a.p/cso_cache_cso_cache.c.o
[375/1009] Compiling C object src/gallium/auxiliary/libgallium.a.p/meson-generated_.._u_tracepoints.c.o
[376/1009] Compiling C object src/gallium/auxiliary/libgallium.a.p/meson-generated_.._tr_util.c.o
[377/1009] Compiling C++ object src/compiler/glsl/libglsl.a.p/shader_cache.cpp.o
[378/1009] Compiling C++ object src/compiler/glsl/libglsl.a.p/serialize.cpp.o
[379/1009] Compiling C++ object src/compiler/glsl/libglsl.a.p/string_to_uint_map.cpp.o
[380/1009] Compiling C++ object src/compiler/glsl/libglsl.a.p/s_expression.cpp.o
[381/1009] Compiling C++ object src/compiler/glsl/libglsl.a.p/propagate_invariance.cpp.o
[382/1009] Compiling C++ object src/compiler/glsl/libglsl.a.p/opt_tree_grafting.cpp.o
[383/1009] Linking static target src/gallium/auxiliary/libgallium.a
[384/1009] Compiling C++ object src/compiler/glsl/libglsl.a.p/opt_structure_splitting.cpp.o
[385/1009] Compiling C++ object src/compiler/glsl/libglsl.a.p/opt_rebalance_tree.cpp.o
[386/1009] Compiling C++ object src/compiler/glsl/libglsl.a.p/opt_minmax.cpp.o
[387/1009] Compiling C++ object src/compiler/glsl/libglsl.a.p/opt_if_simplification.cpp.o
[388/1009] Compiling C++ object src/compiler/glsl/libglsl.a.p/opt_function_inlining.cpp.o
[389/1009] Compiling C++ object src/compiler/glsl/libglsl.a.p/opt_flip_matrices.cpp.o
[390/1009] Compiling C++ object src/compiler/glsl/libglsl.a.p/opt_flatten_nested_if_blocks.cpp.o
[391/1009] Compiling C++ object src/compiler/glsl/libglsl.a.p/opt_dead_functions.cpp.o
[392/1009] Compiling C++ object src/compiler/glsl/libglsl.a.p/opt_dead_code_local.cpp.o
[393/1009] Compiling C++ object src/compiler/glsl/libglsl.a.p/opt_dead_code.cpp.o
[394/1009] Compiling C++ object src/compiler/glsl/libglsl.a.p/opt_dead_builtin_variables.cpp.o
[395/1009] Compiling C++ object src/compiler/glsl/libglsl.a.p/opt_copy_propagation_elements.cpp.o
[396/1009] Compiling C++ object src/compiler/glsl/libglsl.a.p/opt_constant_variable.cpp.o
[397/1009] Compiling C++ object src/compiler/glsl/libglsl.a.p/opt_constant_propagation.cpp.o
[398/1009] Compiling C++ object src/compiler/glsl/libglsl.a.p/opt_constant_folding.cpp.o
[399/1009] Compiling C++ object src/compiler/glsl/libglsl.a.p/opt_array_splitting.cpp.o
[400/1009] Compiling C++ object src/compiler/glsl/libglsl.a.p/opt_algebraic.cpp.o
[401/1009] Compiling C++ object src/compiler/glsl/libglsl.a.p/lower_output_reads.cpp.o
[402/1009] Compiling C++ object src/compiler/glsl/libglsl.a.p/lower_vertex_id.cpp.o
[403/1009] Compiling C++ object src/compiler/glsl/libglsl.a.p/lower_vector_insert.cpp.o
[404/1009] Compiling C++ object src/compiler/glsl/libglsl.a.p/lower_vector_derefs.cpp.o
[405/1009] Compiling C++ object src/compiler/glsl/libglsl.a.p/lower_vec_index_to_swizzle.cpp.o
[406/1009] Compiling C++ object src/compiler/glsl/libglsl.a.p/lower_vec_index_to_cond_assign.cpp.o
[407/1009] Compiling C++ object src/compiler/glsl/libglsl.a.p/lower_tess_level.cpp.o
[408/1009] Compiling C++ object src/compiler/glsl/libglsl.a.p/lower_subroutine.cpp.o
[409/1009] Compiling C++ object src/compiler/glsl/libglsl.a.p/lower_precision.cpp.o
[410/1009] Compiling C++ object src/compiler/glsl/libglsl.a.p/lower_packing_builtins.cpp.o
[411/1009] Compiling C++ object src/compiler/glsl/libglsl.a.p/lower_named_interface_blocks.cpp.o
[412/1009] Compiling C++ object src/compiler/glsl/libglsl.a.p/lower_mat_op_to_vec.cpp.o
[413/1009] Compiling C++ object src/compiler/glsl/libglsl.a.p/lower_jumps.cpp.o
[414/1009] Compiling C++ object src/compiler/glsl/libglsl.a.p/lower_int64.cpp.o
[415/1009] Compiling C++ object src/compiler/glsl/libglsl.a.p/lower_instructions.cpp.o
[416/1009] Compiling C++ object src/compiler/glsl/libglsl.a.p/lower_distance.cpp.o
[417/1009] Compiling C++ object src/compiler/glsl/libglsl.a.p/lower_discard_flow.cpp.o
[418/1009] Compiling C++ object src/compiler/glsl/libglsl.a.p/lower_discard.cpp.o
[419/1009] Compiling C++ object src/compiler/glsl/libglsl.a.p/lower_cs_derived.cpp.o
[420/1009] Compiling C++ object src/compiler/glsl/libglsl.a.p/lower_builtins.cpp.o
[421/1009] Compiling C++ object src/compiler/glsl/libglsl.a.p/lower_blend_equation_advanced.cpp.o
[422/1009] Compiling C++ object src/compiler/glsl/libglsl.a.p/link_varyings.cpp.o
[423/1009] Compiling C++ object src/compiler/glsl/libglsl.a.p/link_uniform_blocks.cpp.o
[424/1009] Compiling C++ object src/compiler/glsl/libglsl.a.p/link_uniform_block_active_visitor.cpp.o
[425/1009] Compiling C++ object src/compiler/glsl/libglsl.a.p/link_uniforms.cpp.o
[426/1009] Compiling C++ object src/compiler/glsl/libglsl.a.p/link_interface_blocks.cpp.o
[427/1009] Compiling C++ object src/compiler/glsl/libglsl.a.p/link_functions.cpp.o
[428/1009] Compiling C++ object src/compiler/glsl/libglsl.a.p/linker_util.cpp.o
[429/1009] Compiling C++ object src/compiler/glsl/libglsl.a.p/linker.cpp.o
[430/1009] Compiling C++ object src/compiler/glsl/libglsl.a.p/ir_variable_refcount.cpp.o
[431/1009] Compiling C++ object src/compiler/glsl/libglsl.a.p/ir_validate.cpp.o
[432/1009] Compiling C++ object src/compiler/glsl/libglsl.a.p/ir_set_program_inouts.cpp.o
[433/1009] Compiling C++ object src/compiler/glsl/libglsl.a.p/ir_rvalue_visitor.cpp.o
[434/1009] Compiling C++ object src/compiler/glsl/libglsl.a.p/ir_reader.cpp.o
[435/1009] Compiling C++ object src/compiler/glsl/libglsl.a.p/ir_print_visitor.cpp.o
[436/1009] Compiling C++ object src/compiler/glsl/libglsl.a.p/ir_hv_accept.cpp.o
[437/1009] Compiling C++ object src/compiler/glsl/libglsl.a.p/ir_hierarchical_visitor.cpp.o
[438/1009] Compiling C++ object src/compiler/glsl/libglsl.a.p/ir_function.cpp.o
[439/1009] Compiling C++ object src/compiler/glsl/libglsl.a.p/ir_function_detect_recursion.cpp.o
[440/1009] Compiling C++ object src/compiler/glsl/libglsl.a.p/ir_function_can_inline.cpp.o
[441/1009] Compiling C++ object src/compiler/glsl/libglsl.a.p/ir_expression_flattening.cpp.o
[442/1009] Compiling C++ object src/compiler/glsl/libglsl.a.p/ir_equals.cpp.o
[443/1009] Compiling C++ object src/compiler/glsl/libglsl.a.p/ir.cpp.o
[444/1009] Compiling C++ object src/compiler/glsl/libglsl.a.p/ir_constant_expression.cpp.o
[445/1009] Compiling C++ object src/compiler/glsl/libglsl.a.p/ir_clone.cpp.o
[446/1009] Compiling C++ object src/compiler/glsl/libglsl.a.p/ir_builder.cpp.o
[447/1009] Compiling C++ object src/compiler/glsl/libglsl.a.p/ir_basic_block.cpp.o
[448/1009] Compiling C++ object src/compiler/glsl/libglsl.a.p/ir_array_refcount.cpp.o
[449/1009] Compiling C++ object src/compiler/glsl/libglsl.a.p/hir_field_selection.cpp.o
[450/1009] Compiling C++ object src/compiler/glsl/libglsl.a.p/glsl_to_nir.cpp.o
[451/1009] Compiling C++ object src/compiler/glsl/libglsl.a.p/glsl_symbol_table.cpp.o
[452/1009] Compiling C++ object src/compiler/glsl/libglsl.a.p/glsl_parser_extras.cpp.o
[453/1009] Compiling C object src/compiler/glsl/libglsl.a.p/gl_nir_opt_dead_builtin_varyings.c.o
[454/1009] Compiling C object src/compiler/glsl/libglsl.a.p/gl_nir_linker.c.o
[455/1009] Compiling C object src/compiler/glsl/libglsl.a.p/gl_nir_link_xfb.c.o
[456/1009] Compiling C object src/compiler/glsl/libglsl.a.p/gl_nir_link_varyings.c.o
[457/1009] Compiling C object src/compiler/glsl/libglsl.a.p/gl_nir_link_uniforms.c.o
[458/1009] Compiling C object src/compiler/glsl/libglsl.a.p/gl_nir_link_uniform_initializers.c.o
[459/1009] Compiling C object src/compiler/glsl/libglsl.a.p/gl_nir_link_uniform_blocks.c.o
[460/1009] Compiling C object src/compiler/glsl/libglsl.a.p/gl_nir_link_atomics.c.o
[461/1009] Compiling C object src/compiler/glsl/libglsl.a.p/gl_nir_lower_xfb_varying.c.o
[462/1009] Compiling C object src/compiler/glsl/libglsl.a.p/gl_nir_lower_samplers_as_deref.c.o
[463/1009] Compiling C object src/compiler/glsl/libglsl.a.p/gl_nir_lower_samplers.c.o
[464/1009] Compiling C object src/compiler/glsl/libglsl.a.p/gl_nir_lower_packed_varyings.c.o
[465/1009] Compiling C object src/compiler/glsl/libglsl.a.p/gl_nir_lower_buffers.c.o
[466/1009] Compiling C object src/compiler/glsl/libglsl.a.p/gl_nir_lower_images.c.o
[467/1009] Compiling C object src/compiler/glsl/libglsl.a.p/gl_nir_lower_atomics.c.o
[468/1009] Compiling C++ object src/compiler/glsl/libglsl.a.p/generate_ir.cpp.o
[469/1009] Compiling C++ object src/compiler/glsl/libglsl.a.p/builtin_variables.cpp.o
[470/1009] Compiling C++ object src/compiler/glsl/libglsl.a.p/builtin_types.cpp.o
[471/1009] Compiling C++ object src/compiler/glsl/libglsl.a.p/builtin_functions.cpp.o
[472/1009] Compiling C++ object src/compiler/glsl/libglsl.a.p/ast_type.cpp.o
[473/1009] Compiling C++ object src/compiler/glsl/libglsl.a.p/ast_to_hir.cpp.o
[474/1009] Compiling C++ object src/compiler/glsl/libglsl.a.p/ast_function.cpp.o
[475/1009] Compiling C++ object src/compiler/glsl/libglsl.a.p/ast_expr.cpp.o
[476/1009] Compiling C++ object src/compiler/glsl/libglsl.a.p/ast_array_index.cpp.o
[477/1009] Compiling C++ object src/compiler/glsl/libglsl.a.p/meson-generated_.._glsl_lexer.cpp.o
[478/1009] Compiling C++ object src/compiler/glsl/libglsl.a.p/meson-generated_.._glsl_parser.cpp.o
[479/1009] Compiling C object src/compiler/nir/libnir.a.p/.._spirv_vtn_variables.c.o
[480/1009] Compiling C object src/compiler/nir/libnir.a.p/.._spirv_vtn_subgroup.c.o
[481/1009] Compiling C object src/compiler/nir/libnir.a.p/.._spirv_vtn_opencl.c.o
[482/1009] Compiling C object src/compiler/nir/libnir.a.p/.._spirv_vtn_glsl450.c.o
[483/1009] Compiling C object src/compiler/nir/libnir.a.p/.._spirv_vtn_cfg.c.o
[484/1009] Compiling C object src/compiler/nir/libnir.a.p/.._spirv_vtn_amd.c.o
[485/1009] Compiling C object src/compiler/nir/libnir.a.p/.._spirv_vtn_alu.c.o
[486/1009] Compiling C object src/compiler/nir/libnir.a.p/.._spirv_spirv_to_nir.c.o
[487/1009] Compiling C object src/compiler/nir/libnir.a.p/.._spirv_nir_lower_libclc.c.o
[488/1009] Compiling C object src/compiler/nir/libnir.a.p/.._spirv_nir_load_libclc.c.o
[489/1009] Compiling C object src/compiler/nir/libnir.a.p/.._spirv_gl_spirv.c.o
[490/1009] Compiling C object src/compiler/nir/libnir.a.p/nir_worklist.c.o
[491/1009] Compiling C object src/compiler/nir/libnir.a.p/nir_validate.c.o
[492/1009] Compiling C object src/compiler/nir/libnir.a.p/nir_to_lcssa.c.o
[493/1009] Compiling C object src/compiler/nir/libnir.a.p/nir_sweep.c.o
[494/1009] Compiling C object src/compiler/nir/libnir.a.p/nir_split_vars.c.o
[495/1009] Compiling C object src/compiler/nir/libnir.a.p/nir_split_var_copies.c.o
[496/1009] Compiling C object src/compiler/nir/libnir.a.p/nir_split_per_member_structs.c.o
[497/1009] Compiling C object src/compiler/nir/libnir.a.p/nir_split_64bit_vec3_and_vec4.c.o
[498/1009] Compiling C object src/compiler/nir/libnir.a.p/nir_serialize.c.o
[499/1009] Compiling C object src/compiler/nir/libnir.a.p/nir_search.c.o
[500/1009] Compiling C object src/compiler/nir/libnir.a.p/nir_schedule.c.o
[501/1009] Compiling C object src/compiler/nir/libnir.a.p/nir_scale_fdiv.c.o
[502/1009] Linking static target src/compiler/glsl/libglsl.a
[503/1009] Compiling C object src/compiler/nir/libnir.a.p/nir_repair_ssa.c.o
[504/1009] Compiling C object src/compiler/nir/libnir.a.p/nir_remove_dead_variables.c.o
[505/1009] Compiling C object src/compiler/nir/libnir.a.p/nir_range_analysis.c.o
[506/1009] Compiling C object src/compiler/nir/libnir.a.p/nir_propagate_invariant.c.o
[507/1009] Compiling C object src/compiler/nir/libnir.a.p/nir_print.c.o
[508/1009] Compiling C object src/compiler/nir/libnir.a.p/nir_phi_builder.c.o
[509/1009] Compiling C object src/compiler/nir/libnir.a.p/nir_opt_vectorize.c.o
[510/1009] Compiling C object src/compiler/nir/libnir.a.p/nir_opt_uniform_atomics.c.o
[511/1009] Compiling C object src/compiler/nir/libnir.a.p/nir_opt_undef.c.o
[512/1009] Compiling C object src/compiler/nir/libnir.a.p/nir_opt_trivial_continues.c.o
[513/1009] Compiling C object src/compiler/nir/libnir.a.p/nir_opt_sink.c.o
[514/1009] Compiling C object src/compiler/nir/libnir.a.p/nir_opt_shrink_vectors.c.o
[515/1009] Compiling C object src/compiler/nir/libnir.a.p/nir_opt_shrink_stores.c.o
[516/1009] Compiling C object src/compiler/nir/libnir.a.p/nir_opt_remove_phis.c.o
[517/1009] Compiling C object src/compiler/nir/libnir.a.p/nir_opt_rematerialize_compares.c.o
[518/1009] Compiling C object src/compiler/nir/libnir.a.p/nir_opt_ray_queries.c.o
[519/1009] Compiling C object src/compiler/nir/libnir.a.p/nir_opt_preamble.c.o
[520/1009] Compiling C object src/compiler/nir/libnir.a.p/nir_opt_phi_precision.c.o
[521/1009] Compiling C object src/compiler/nir/libnir.a.p/nir_opt_peephole_select.c.o
[522/1009] Compiling C object src/compiler/nir/libnir.a.p/nir_opt_offsets.c.o
[523/1009] Compiling C object src/compiler/nir/libnir.a.p/nir_opt_move_discards_to_top.c.o
[524/1009] Compiling C object src/compiler/nir/libnir.a.p/nir_opt_move.c.o
[525/1009] Compiling C object src/compiler/nir/libnir.a.p/nir_opt_memcpy.c.o
[526/1009] Compiling C object src/compiler/nir/libnir.a.p/nir_opt_loop_unroll.c.o
[527/1009] Compiling C object src/compiler/nir/libnir.a.p/nir_opt_load_store_vectorize.c.o
[528/1009] Compiling C object src/compiler/nir/libnir.a.p/nir_opt_large_constants.c.o
[529/1009] Compiling C object src/compiler/nir/libnir.a.p/nir_opt_intrinsics.c.o
[530/1009] Compiling C object src/compiler/nir/libnir.a.p/nir_opt_if.c.o
[531/1009] Compiling C object src/compiler/nir/libnir.a.p/nir_opt_idiv_const.c.o
[532/1009] Compiling C object src/compiler/nir/libnir.a.p/nir_opt_gcm.c.o
[533/1009] Compiling C object src/compiler/nir/libnir.a.p/nir_opt_fragdepth.c.o
[534/1009] Compiling C object src/compiler/nir/libnir.a.p/nir_opt_find_array_copies.c.o
[535/1009] Compiling C object src/compiler/nir/libnir.a.p/nir_opt_dead_write_vars.c.o
[536/1009] Compiling C object src/compiler/nir/libnir.a.p/nir_opt_dead_cf.c.o
[537/1009] Compiling C object src/compiler/nir/libnir.a.p/nir_opt_dce.c.o
[538/1009] Compiling C object src/compiler/nir/libnir.a.p/nir_opt_cse.c.o
[539/1009] Compiling C object src/compiler/nir/libnir.a.p/nir_opt_copy_propagate.c.o
[540/1009] Compiling C object src/compiler/nir/libnir.a.p/nir_opt_copy_prop_vars.c.o
[541/1009] Compiling C object src/compiler/nir/libnir.a.p/nir_opt_constant_folding.c.o
[542/1009] Compiling C object src/compiler/nir/libnir.a.p/nir_opt_conditional_discard.c.o
[543/1009] Compiling C object src/compiler/nir/libnir.a.p/nir_opt_comparison_pre.c.o
[544/1009] Compiling C object src/compiler/nir/libnir.a.p/nir_opt_combine_stores.c.o
[545/1009] Compiling C object src/compiler/nir/libnir.a.p/nir_opt_barriers.c.o
[546/1009] Compiling C object src/compiler/nir/libnir.a.p/nir_opt_access.c.o
[547/1009] Compiling C object src/compiler/nir/libnir.a.p/nir_normalize_cubemap_coords.c.o
[548/1009] Compiling C object src/compiler/nir/libnir.a.p/nir_move_vec_src_uses_to_dest.c.o
[549/1009] Compiling C object src/compiler/nir/libnir.a.p/nir_metadata.c.o
[550/1009] Compiling C object src/compiler/nir/libnir.a.p/nir_lower_sysvals_to_varyings.c.o
[551/1009] Compiling C object src/compiler/nir/libnir.a.p/nir_lower_uniforms_to_ubo.c.o
[552/1009] Compiling C object src/compiler/nir/libnir.a.p/nir_lower_ubo_vec4.c.o
[553/1009] Compiling C object src/compiler/nir/libnir.a.p/nir_lower_bit_size.c.o
[554/1009] Compiling C object src/compiler/nir/libnir.a.p/nir_lower_wrmasks.c.o
[555/1009] Compiling C object src/compiler/nir/libnir.a.p/nir_lower_wpos_ytransform.c.o
[556/1009] Compiling C object src/compiler/nir/libnir.a.p/nir_lower_wpos_center.c.o
[557/1009] Compiling C object src/compiler/nir/libnir.a.p/nir_lower_viewport_transform.c.o
[558/1009] Compiling C object src/compiler/nir/libnir.a.p/nir_lower_vec3_to_vec4.c.o
[559/1009] Compiling C object src/compiler/nir/libnir.a.p/nir_lower_vec_to_movs.c.o
[560/1009] Compiling C object src/compiler/nir/libnir.a.p/nir_lower_var_copies.c.o
[561/1009] Compiling C object src/compiler/nir/libnir.a.p/nir_lower_vars_to_ssa.c.o
[562/1009] Compiling C object src/compiler/nir/libnir.a.p/nir_lower_undef_to_zero.c.o
[563/1009] Compiling C object src/compiler/nir/libnir.a.p/nir_lower_two_sided_color.c.o
[564/1009] Compiling C object src/compiler/nir/libnir.a.p/nir_lower_to_source_mods.c.o
[565/1009] Compiling C object src/compiler/nir/libnir.a.p/nir_lower_texcoord_replace.c.o
[566/1009] Compiling C object src/compiler/nir/libnir.a.p/nir_lower_tex.c.o
[567/1009] Compiling C object src/compiler/nir/libnir.a.p/nir_lower_tex_shadow.c.o
[568/1009] Compiling C object src/compiler/nir/libnir.a.p/nir_lower_task_shader.c.o
[569/1009] Compiling C object src/compiler/nir/libnir.a.p/nir_lower_system_values.c.o
[570/1009] Compiling C object src/compiler/nir/libnir.a.p/nir_lower_subgroups.c.o
[571/1009] Compiling C object src/compiler/nir/libnir.a.p/nir_lower_ssbo.c.o
[572/1009] Compiling C object src/compiler/nir/libnir.a.p/nir_lower_single_sampled.c.o
[573/1009] Compiling C object src/compiler/nir/libnir.a.p/nir_lower_shader_calls.c.o
[574/1009] Compiling C object src/compiler/nir/libnir.a.p/nir_lower_scratch.c.o
[575/1009] Compiling C object src/compiler/nir/libnir.a.p/nir_lower_samplers.c.o
[576/1009] Compiling C object src/compiler/nir/libnir.a.p/nir_lower_returns.c.o
[577/1009] Compiling C object src/compiler/nir/libnir.a.p/nir_lower_readonly_images_to_tex.c.o
[578/1009] Compiling C object src/compiler/nir/libnir.a.p/nir_lower_regs_to_ssa.c.o
[579/1009] Compiling C object src/compiler/nir/libnir.a.p/nir_lower_printf.c.o
[580/1009] Compiling C object src/compiler/nir/libnir.a.p/nir_lower_poly_line_smooth.c.o
[581/1009] Compiling C object src/compiler/nir/libnir.a.p/nir_lower_point_smooth.c.o
[582/1009] Compiling C object src/compiler/nir/libnir.a.p/nir_lower_point_size_mov.c.o
[583/1009] Compiling C object src/compiler/nir/libnir.a.p/nir_lower_point_size.c.o
[584/1009] Compiling C object src/compiler/nir/libnir.a.p/nir_lower_pntc_ytransform.c.o
[585/1009] Compiling C object src/compiler/nir/libnir.a.p/nir_lower_phis_to_scalar.c.o
[586/1009] Compiling C object src/compiler/nir/libnir.a.p/nir_lower_patch_vertices.c.o
[587/1009] Compiling C object src/compiler/nir/libnir.a.p/nir_lower_passthrough_edgeflags.c.o
[588/1009] Compiling C object src/compiler/nir/libnir.a.p/nir_lower_packing.c.o
[589/1009] Compiling C object src/compiler/nir/libnir.a.p/nir_lower_non_uniform_access.c.o
[590/1009] Compiling C object src/compiler/nir/libnir.a.p/nir_lower_memory_model.c.o
[591/1009] Compiling C object src/compiler/nir/libnir.a.p/nir_lower_memcpy.c.o
[592/1009] Compiling C object src/compiler/nir/libnir.a.p/nir_lower_mediump.c.o
[593/1009] Compiling C object src/compiler/nir/libnir.a.p/nir_lower_multiview.c.o
[594/1009] Compiling C object src/compiler/nir/libnir.a.p/nir_lower_is_helper_invocation.c.o
[595/1009] Compiling C object src/compiler/nir/libnir.a.p/nir_lower_io_to_vector.c.o
[596/1009] Compiling C object src/compiler/nir/libnir.a.p/nir_lower_io_to_scalar.c.o
[597/1009] Compiling C object src/compiler/nir/libnir.a.p/nir_lower_io_to_temporaries.c.o
[598/1009] Compiling C object src/compiler/nir/libnir.a.p/nir_lower_io_arrays_to_elements.c.o
[599/1009] Compiling C object src/compiler/nir/libnir.a.p/nir_lower_io.c.o
[600/1009] Compiling C object src/compiler/nir/libnir.a.p/nir_lower_int_to_float.c.o
[601/1009] Compiling C object src/compiler/nir/libnir.a.p/nir_lower_interpolation.c.o
[602/1009] Compiling C object src/compiler/nir/libnir.a.p/nir_lower_int64.c.o
[603/1009] Compiling C object src/compiler/nir/libnir.a.p/nir_lower_input_attachments.c.o
[604/1009] Compiling C object src/compiler/nir/libnir.a.p/nir_lower_indirect_derefs.c.o
[605/1009] Compiling C object src/compiler/nir/libnir.a.p/nir_lower_image.c.o
[606/1009] Compiling C object src/compiler/nir/libnir.a.p/nir_lower_idiv.c.o
[607/1009] Compiling C object src/compiler/nir/libnir.a.p/nir_lower_locals_to_regs.c.o
[608/1009] Compiling C object src/compiler/nir/libnir.a.p/nir_lower_load_const_to_scalar.c.o
[609/1009] Compiling C object src/compiler/nir/libnir.a.p/nir_lower_gs_intrinsics.c.o
[610/1009] Compiling C object src/compiler/nir/libnir.a.p/nir_lower_goto_ifs.c.o
[611/1009] Compiling C object src/compiler/nir/libnir.a.p/nir_lower_global_vars_to_local.c.o
[612/1009] Compiling C object src/compiler/nir/libnir.a.p/nir_lower_frexp.c.o
[613/1009] Compiling C object src/compiler/nir/libnir.a.p/nir_lower_fragcolor.c.o
[614/1009] Compiling C object src/compiler/nir/libnir.a.p/nir_lower_fragcoord_wtrans.c.o
[615/1009] Compiling C object src/compiler/nir/libnir.a.p/nir_lower_fp16_conv.c.o
[616/1009] Compiling C object src/compiler/nir/libnir.a.p/nir_lower_flrp.c.o
[617/1009] Compiling C object src/compiler/nir/libnir.a.p/nir_lower_flatshade.c.o
[618/1009] Compiling C object src/compiler/nir/libnir.a.p/nir_lower_fb_read.c.o
[619/1009] Compiling C object src/compiler/nir/libnir.a.p/nir_lower_drawpixels.c.o
[620/1009] Compiling C object src/compiler/nir/libnir.a.p/nir_lower_double_ops.c.o
[621/1009] Compiling C object src/compiler/nir/libnir.a.p/nir_lower_discard_or_demote.c.o
[622/1009] Compiling C object src/compiler/nir/libnir.a.p/nir_lower_discard_if.c.o
[623/1009] Compiling C object src/compiler/nir/libnir.a.p/nir_lower_variable_initializers.c.o
[624/1009] Compiling C object src/compiler/nir/libnir.a.p/nir_lower_convert_alu_types.c.o
[625/1009] Compiling C object src/compiler/nir/libnir.a.p/nir_lower_const_arrays_to_uniforms.c.o
[626/1009] Compiling C object src/compiler/nir/libnir.a.p/nir_lower_clip_halfz.c.o
[627/1009] Compiling C object src/compiler/nir/libnir.a.p/nir_lower_clip_disable.c.o
[628/1009] Compiling C object src/compiler/nir/libnir.a.p/nir_lower_clip_cull_distance_arrays.c.o
[629/1009] Compiling C object src/compiler/nir/libnir.a.p/nir_lower_clip.c.o
[630/1009] Compiling C object src/compiler/nir/libnir.a.p/nir_lower_clamp_color_outputs.c.o
[631/1009] Compiling C object src/compiler/nir/libnir.a.p/nir_lower_bool_to_int32.c.o
[632/1009] Compiling C object src/compiler/nir/libnir.a.p/nir_lower_bool_to_float.c.o
[633/1009] Compiling C object src/compiler/nir/libnir.a.p/nir_lower_bool_to_bitsize.c.o
[634/1009] Compiling C object src/compiler/nir/libnir.a.p/nir_lower_blend.c.o
[635/1009] Compiling C object src/compiler/nir/libnir.a.p/nir_lower_bitmap.c.o
[636/1009] Compiling C object src/compiler/nir/libnir.a.p/nir_lower_atomics_to_ssbo.c.o
[637/1009] Compiling C object src/compiler/nir/libnir.a.p/nir_lower_array_deref_of_vec.c.o
[638/1009] Compiling C object src/compiler/nir/libnir.a.p/nir_lower_amul.c.o
[639/1009] Compiling C object src/compiler/nir/libnir.a.p/nir_lower_alpha_test.c.o
[640/1009] Compiling C object src/compiler/nir/libnir.a.p/nir_lower_alu_width.c.o
[641/1009] Compiling C object src/compiler/nir/libnir.a.p/nir_lower_alu.c.o
[642/1009] Compiling C object src/compiler/nir/libnir.a.p/nir_loop_analyze.c.o
[643/1009] Compiling C object src/compiler/nir/libnir.a.p/nir_liveness.c.o
[644/1009] Compiling C object src/compiler/nir/libnir.a.p/nir_linking_helpers.c.o
[645/1009] Compiling C object src/compiler/nir/libnir.a.p/nir_instr_set.c.o
[646/1009] Compiling C object src/compiler/nir/libnir.a.p/nir_inline_uniforms.c.o
[647/1009] Compiling C object src/compiler/nir/libnir.a.p/nir_inline_functions.c.o
[648/1009] Compiling C object src/compiler/nir/libnir.a.p/nir_gs_count_vertices.c.o
[649/1009] Compiling C object src/compiler/nir/libnir.a.p/nir_group_loads.c.o
[650/1009] Compiling C object src/compiler/nir/libnir.a.p/nir_gather_xfb_info.c.o
[651/1009] Compiling C object src/compiler/nir/libnir.a.p/nir_gather_ssa_types.c.o
[652/1009] Compiling C object src/compiler/nir/libnir.a.p/nir_gather_info.c.o
[653/1009] Compiling C object src/compiler/nir/libnir.a.p/nir_from_ssa.c.o
[654/1009] Compiling C object src/compiler/nir/libnir.a.p/nir_dominance.c.o
[655/1009] Compiling C object src/compiler/nir/libnir.a.p/nir_divergence_analysis.c.o
[656/1009] Compiling C object src/compiler/nir/libnir.a.p/nir_deref.c.o
[657/1009] Compiling C object src/compiler/nir/libnir.a.p/nir_convert_ycbcr.c.o
[658/1009] Compiling C object src/compiler/nir/libnir.a.p/nir_control_flow.c.o
[659/1009] Compiling C object src/compiler/nir/libnir.a.p/nir_clone.c.o
[660/1009] Compiling C object src/compiler/nir/libnir.a.p/nir_builtin_builder.c.o
[661/1009] Compiling C object src/compiler/nir/libnir.a.p/nir_builder.c.o
[662/1009] Compiling C object src/compiler/nir/libnir.a.p/nir.c.o
[663/1009] Compiling C object src/compiler/nir/libnir.a.p/meson-generated_.._nir_intrinsics.c.o
[664/1009] Compiling C object src/compiler/nir/libnir.a.p/meson-generated_.._.._spirv_vtn_gather_types.c.o
[665/1009] Compiling C object src/compiler/nir/libnir.a.p/meson-generated_.._nir_constant_expressions.c.o
[666/1009] Compiling C object src/compiler/nir/libnir.a.p/meson-generated_.._nir_opcodes.c.o
[667/1009] Compiling C object src/compiler/nir/libnir.a.p/meson-generated_.._.._spirv_spirv_info.c.o
[668/1009] Generating src/util/driconf_static.h with a custom command
[669/1009] Compiling C object src/util/libxmlconfig.a.p/xmlconfig.c.o
[670/1009] Compiling C object src/util/libmesa_util.a.p/u_debug_symbol.c.o
[671/1009] Compiling C object src/util/libmesa_util.a.p/u_debug_stack.c.o
[672/1009] Compiling C object src/util/libmesa_util.a.p/indices_u_primconvert.c.o
[673/1009] Compiling C object src/util/libmesa_util.a.p/vma.c.o
[674/1009] Compiling C object src/util/libmesa_util.a.p/u_worklist.c.o
[675/1009] Linking static target src/util/libxmlconfig.a
[676/1009] Compiling C object src/util/libmesa_util.a.p/u_printf.c.o
[677/1009] Compiling C object src/util/libmesa_util.a.p/u_cpu_detect.c.o
[678/1009] Compiling C object src/util/libmesa_util.a.p/u_debug_memory.c.o
[679/1009] Compiling C object src/util/libmesa_util.a.p/u_debug.c.o
[680/1009] Compiling C object src/util/libmesa_util.a.p/u_mm.c.o
[681/1009] Compiling C object src/util/libmesa_util.a.p/u_math.c.o
[682/1009] Compiling C object src/util/libmesa_util.a.p/u_vector.c.o
[683/1009] Compiling C object src/util/libmesa_util.a.p/u_queue.c.o
[684/1009] Compiling C object src/util/libmesa_util.a.p/u_hash_table.c.o
[685/1009] Compiling C object src/util/libmesa_util.a.p/u_dl.c.o
[686/1009] Compiling C object src/util/libmesa_util.a.p/u_debug_refcnt.c.o
[687/1009] Compiling C object src/util/libmesa_util.a.p/u_debug_describe.c.o
[688/1009] Compiling C object src/util/libmesa_util.a.p/u_atomic.c.o
[689/1009] Compiling C object src/util/libmesa_util.a.p/strtod.c.o
[690/1009] Compiling C object src/util/libmesa_util.a.p/string_buffer.c.o
[691/1009] Compiling C object src/util/libmesa_util.a.p/sparse_array.c.o
[692/1009] Compiling C object src/util/libmesa_util.a.p/softfloat.c.o
[693/1009] Compiling C object src/util/libmesa_util.a.p/slab.c.o
[694/1009] Compiling C object src/util/libmesa_util.a.p/set.c.o
[695/1009] Compiling C object src/util/libmesa_util.a.p/rgtc.c.o
[696/1009] Compiling C object src/util/libmesa_util.a.p/register_allocate.c.o
[697/1009] Compiling C object src/util/libmesa_util.a.p/rb_tree.c.o
[698/1009] Compiling C object src/util/libmesa_util.a.p/rand_xor.c.o
[699/1009] Compiling C object src/util/libmesa_util.a.p/ralloc.c.o
[700/1009] Compiling C object src/util/libmesa_util.a.p/sha1_sha1.c.o
[701/1009] Compiling C++ object src/util/libmesa_util.a.p/u_qsort.cpp.o
[702/1009] Compiling C object src/util/libmesa_util.a.p/u_process.c.o
[703/1009] Compiling C object src/util/libmesa_util.a.p/perf_u_trace.c.o
[704/1009] Compiling C object src/util/libmesa_util.a.p/os_socket.c.o
[705/1009] Compiling C object src/util/libmesa_util.a.p/os_misc.c.o
[706/1009] Compiling C object src/util/libmesa_util.a.p/os_memory_fd.c.o
[707/1009] Compiling C object src/util/libmesa_util.a.p/os_file.c.o
[708/1009] Compiling C object src/util/libmesa_util.a.p/os_time.c.o
[709/1009] Compiling C object src/util/libmesa_util.a.p/mesa-sha1.c.o
[710/1009] Compiling C object src/util/libmesa_util.a.p/memstream.c.o
[711/1009] Compiling C object src/util/libmesa_util.a.p/log.c.o
[712/1009] Compiling C object src/util/libmesa_util.a.p/u_idalloc.c.o
[713/1009] Compiling C object src/util/libmesa_util.a.p/hash_table.c.o
[714/1009] Compiling C object src/util/libmesa_util.a.p/half_float.c.o
[715/1009] Compiling C object src/util/libmesa_util.a.p/fossilize_db.c.o
[716/1009] Compiling C object src/util/libmesa_util.a.p/fast_idiv_by_const.c.o
[717/1009] Compiling C object src/util/libmesa_util.a.p/double.c.o
[718/1009] Compiling C object src/util/libmesa_util.a.p/disk_cache_os.c.o
[719/1009] Compiling C object src/util/libmesa_util.a.p/disk_cache.c.o
[720/1009] Compiling C object src/util/libmesa_util.a.p/debug.c.o
[721/1009] Compiling C object src/util/libmesa_util.a.p/dag.c.o
[722/1009] Compiling C object src/util/libmesa_util.a.p/crc32.c.o
[723/1009] Compiling C object src/util/libmesa_util.a.p/compress.c.o
[724/1009] Compiling C object src/util/libmesa_util.a.p/build_id.c.o
[725/1009] Compiling C object src/util/libmesa_util.a.p/blob.c.o
[726/1009] Compiling C object src/util/libmesa_util.a.p/bitscan.c.o
[727/1009] Compiling C object src/util/libmesa_util.a.p/anon_file.c.o
[728/1009] Generating src/util/u_unfilled_gen.c with a custom command (wrapped by meson to capture output)
[729/1009] Generating src/util/u_indices_gen.c with a custom command (wrapped by meson to capture output)
[730/1009] Generating src/util/format_srgb with a custom command (wrapped by meson to capture output)
[731/1009] Generating src/util/format/u_format_pack.h with a custom command (wrapped by meson to capture output)
[732/1009] Compiling C object src/util/libmesa_util.a.p/meson-generated_.._u_indices_gen.c.o
[733/1009] Compiling C object src/util/libmesa_util.a.p/meson-generated_.._u_unfilled_gen.c.o
[734/1009] Compiling C object src/util/format/libmesa_format.a.p/u_format_zs.c.o
[735/1009] Compiling C object src/util/format/libmesa_format.a.p/u_format_yuv.c.o
[736/1009] Compiling C object src/util/format/libmesa_format.a.p/u_format_unpack_neon.c.o
[737/1009] Compiling C object src/util/format/libmesa_format.a.p/u_format_tests.c.o
[738/1009] Compiling C object src/util/format/libmesa_format.a.p/u_format_s3tc.c.o
[739/1009] Compiling C object src/util/format/libmesa_format.a.p/u_format_rgtc.c.o
[740/1009] Compiling C object src/util/format/libmesa_format.a.p/u_format_other.c.o
[741/1009] Compiling C object src/util/format/libmesa_format.a.p/u_format_latc.c.o
[742/1009] Compiling C object src/util/format/libmesa_format.a.p/u_format_fxt1.c.o
[743/1009] Compiling C object src/util/format/libmesa_format.a.p/u_format_etc.c.o
[744/1009] Compiling C object src/util/format/libmesa_format.a.p/u_format_bptc.c.o
[745/1009] Compiling C object src/util/format/libmesa_format.a.p/u_format.c.o
[746/1009] Generating src/util/format/u_format_table.c with a custom command (wrapped by meson to capture output)
[747/1009] Compiling C object src/util/format/libmesa_format.a.p/meson-generated_.._u_format_table.c.o
[748/1009] Compiling C object src/util/libmesa_util.a.p/meson-generated_.._format_srgb.c.o
[749/1009] Compiling C object src/loader/libloader.a.p/loader.c.o
[750/1009] Compiling C object src/loader/libloader.a.p/loader_dri_helper.c.o
[751/1009] Compiling C object src/gbm/libgbm.so.1.0.0.p/backends_dri_gbm_dri.c.o
[752/1009] Compiling C object src/gbm/libgbm.so.1.0.0.p/main_gbm.c.o
[753/1009] Linking static target src/loader/libloader.a
[754/1009] Compiling C object src/gbm/libgbm.so.1.0.0.p/main_backend.c.o
[755/1009] Linking static target src/compiler/nir/libnir.a
[756/1009] Generating src/mapi/es2api/gles2.def with a custom command
[757/1009] Generating src/mapi/es2api/es2_glapi_mapi_tmp.h with a custom command (wrapped by meson to capture output)
[758/1009] Generating src/mapi/es1api/gles1.def with a custom command
[759/1009] Generating src/mapi/es1api/es1_glapi_mapi_tmp.h with a custom command (wrapped by meson to capture output)
[760/1009] Compiling C object src/c11/impl/libmesa_util_c11.a.p/threads_posix.c.o
[761/1009] Compiling C object src/c11/impl/libmesa_util_c11.a.p/time.c.o
[762/1009] Generating src/mapi/shared-glapi/shared_glapi_mapi_tmp.h with a custom command (wrapped by meson to capture output)
[763/1009] Linking static target src/c11/impl/libmesa_util_c11.a
[764/1009] Compiling C object src/util/libmesa_util_sse41.a.p/streaming-load-memcpy.c.o
[765/1009] Compiling C object src/mapi/es2api/libGLESv2.so.2.0.0.p/.._entry.c.o
[766/1009] Compiling C object src/mapi/es1api/libGLESv1_CM.so.1.1.0.p/.._entry.c.o
[767/1009] Linking static target src/util/libmesa_util_sse41.a
[768/1009] Generating src/git_sha1.h with a custom command
[769/1009] Compiling C object src/mesa/libmesa.a.p/x86_common_x86.c.o
[770/1009] Compiling C object src/mesa/libmesa.a.p/vbo_vbo_save_loopback.c.o
[771/1009] Compiling C object src/mapi/shared-glapi/libglapi.so.0.0.0.p/.._u_execmem.c.o
[772/1009] Compiling C object src/mapi/shared-glapi/libglapi.so.0.0.0.p/.._u_current.c.o
[773/1009] Compiling C object src/mapi/shared-glapi/libglapi.so.0.0.0.p/.._table.c.o
[774/1009] Compiling C object src/mapi/shared-glapi/libglapi.so.0.0.0.p/.._stub.c.o
[775/1009] Compiling C object src/mapi/shared-glapi/libglapi.so.0.0.0.p/.._mapi_glapi.c.o
[776/1009] Compiling C object src/mapi/shared-glapi/libglapi.so.0.0.0.p/.._entry.c.o
[777/1009] Compiling C object src/mesa/libmesa.a.p/vbo_vbo_save_draw.c.o
[778/1009] Compiling C object src/mesa/libmesa.a.p/vbo_vbo_save_api.c.o
[779/1009] Compiling C object src/mesa/libmesa.a.p/vbo_vbo_save.c.o
[780/1009] Compiling C object src/mesa/libmesa.a.p/vbo_vbo_noop.c.o
[781/1009] Compiling C object src/mesa/libmesa.a.p/vbo_vbo_minmax_index.c.o
[782/1009] Compiling C object src/mesa/libmesa.a.p/vbo_vbo_exec_eval.c.o
[783/1009] Compiling C object src/mesa/libmesa.a.p/vbo_vbo_exec_draw.c.o
[784/1009] Compiling C object src/mesa/libmesa.a.p/vbo_vbo_exec_api.c.o
[785/1009] Compiling C object src/mesa/libmesa.a.p/vbo_vbo_exec.c.o
[786/1009] Linking static target src/util/libmesa_util.a
[787/1009] Compiling C object src/mesa/libmesa.a.p/vbo_vbo_context.c.o
[788/1009] Compiling C object src/mesa/libmesa.a.p/state_tracker_st_vdpau.c.o
[789/1009] Compiling C object src/mesa/libmesa.a.p/state_tracker_st_texture.c.o
[790/1009] Compiling C object src/mesa/libmesa.a.p/state_tracker_st_shader_cache.c.o
[791/1009] Compiling C object src/mesa/libmesa.a.p/state_tracker_st_scissor.c.o
[792/1009] Linking target src/mapi/shared-glapi/libglapi.so.0.0.0
[793/1009] Compiling C object src/mesa/libmesa.a.p/state_tracker_st_sampler_view.c.o
[794/1009] Generating symbol file src/mapi/shared-glapi/libglapi.so.0.0.0.p/libglapi.so.0.0.0.symbols
[795/1009] Linking target src/mapi/es2api/libGLESv2.so.2.0.0
[796/1009] Linking target src/mapi/es1api/libGLESv1_CM.so.1.1.0
[797/1009] Compiling C object src/mesa/libmesa.a.p/state_tracker_st_program.c.o
[798/1009] Compiling C object src/mesa/libmesa.a.p/state_tracker_st_pbo_compute.c.o
[799/1009] Compiling C object src/mesa/libmesa.a.p/state_tracker_st_pbo.c.o
[800/1009] Compiling C object src/mesa/libmesa.a.p/state_tracker_st_nir_lower_tex_src_plane.c.o
[801/1009] Compiling C object src/mesa/libmesa.a.p/state_tracker_st_nir_lower_builtin.c.o
[802/1009] Compiling C object src/mesa/libmesa.a.p/state_tracker_st_nir_builtins.c.o
[803/1009] Compiling C object src/mesa/libmesa.a.p/state_tracker_st_manager.c.o
[804/1009] Compiling C++ object src/mesa/libmesa.a.p/state_tracker_st_glsl_to_nir.cpp.o
[805/1009] Compiling C++ object src/mesa/libmesa.a.p/state_tracker_st_glsl_to_ir.cpp.o
[806/1009] Compiling C object src/mesa/libmesa.a.p/state_tracker_st_gen_mipmap.c.o
[807/1009] Compiling C object src/mesa/libmesa.a.p/state_tracker_st_format.c.o
[808/1009] Compiling C object src/mesa/libmesa.a.p/state_tracker_st_extensions.c.o
[809/1009] Compiling C object src/mesa/libmesa.a.p/state_tracker_st_draw_hw_select.c.o
[810/1009] Compiling C object src/mesa/libmesa.a.p/state_tracker_st_draw_feedback.c.o
[811/1009] Compiling C object src/mesa/libmesa.a.p/state_tracker_st_draw.c.o
[812/1009] Compiling C object src/mesa/libmesa.a.p/state_tracker_st_debug.c.o
[813/1009] Compiling C object src/mesa/libmesa.a.p/state_tracker_st_copytex.c.o
[814/1009] Compiling C object src/mesa/libmesa.a.p/state_tracker_st_context.c.o
[815/1009] Compiling C object src/mesa/libmesa.a.p/state_tracker_st_cb_texture.c.o
[816/1009] Compiling C object src/mesa/libmesa.a.p/state_tracker_st_cb_readpixels.c.o
[817/1009] Compiling C object src/mesa/libmesa.a.p/state_tracker_st_cb_rasterpos.c.o
[818/1009] Compiling C object src/mesa/libmesa.a.p/state_tracker_st_cb_flush.c.o
[819/1009] Compiling C object src/mesa/libmesa.a.p/state_tracker_st_cb_feedback.c.o
[820/1009] Compiling C object src/mesa/libmesa.a.p/state_tracker_st_cb_eglimage.c.o
[821/1009] Linking static target src/util/format/libmesa_format.a
[822/1009] Linking target src/glx/libGL.so.1.2.0
[823/1009] Linking target src/gbm/libgbm.so.1.0.0
[824/1009] Generating symbol file src/gbm/libgbm.so.1.0.0.p/libgbm.so.1.0.0.symbols
[825/1009] Compiling C object src/mesa/libmesa.a.p/state_tracker_st_cb_drawtex.c.o
[826/1009] Compiling C object src/mesa/libmesa.a.p/state_tracker_st_cb_drawpixels.c.o
[827/1009] Linking target src/egl/libEGL.so.1.0.0
[828/1009] Compiling C object src/mesa/libmesa.a.p/state_tracker_st_cb_copyimage.c.o
[829/1009] Compiling C object src/mesa/libmesa.a.p/state_tracker_st_cb_clear.c.o
[830/1009] Compiling C object src/mesa/libmesa.a.p/state_tracker_st_cb_bitmap.c.o
[831/1009] Compiling C object src/mesa/libmesa.a.p/state_tracker_st_atom_viewport.c.o
[832/1009] Compiling C object src/mesa/libmesa.a.p/state_tracker_st_atom_texture.c.o
[833/1009] Compiling C object src/mesa/libmesa.a.p/state_tracker_st_atom_tess.c.o
[834/1009] Compiling C object src/mesa/libmesa.a.p/state_tracker_st_atom_storagebuf.c.o
[835/1009] Compiling C object src/mesa/libmesa.a.p/state_tracker_st_atom_stipple.c.o
[836/1009] Compiling C object src/mesa/libmesa.a.p/state_tracker_st_atom_shader.c.o
[837/1009] Compiling C object src/mesa/libmesa.a.p/state_tracker_st_atom_scissor.c.o
[838/1009] Compiling C object src/mesa/libmesa.a.p/state_tracker_st_atom_sampler.c.o
[839/1009] Compiling C object src/mesa/libmesa.a.p/state_tracker_st_atom_rasterizer.c.o
[840/1009] Compiling C object src/mesa/libmesa.a.p/state_tracker_st_atom_pixeltransfer.c.o
[841/1009] Compiling C object src/mesa/libmesa.a.p/state_tracker_st_atom_msaa.c.o
[842/1009] Compiling C object src/mesa/libmesa.a.p/state_tracker_st_atom_image.c.o
[843/1009] Compiling C object src/mesa/libmesa.a.p/state_tracker_st_atom_framebuffer.c.o
[844/1009] Compiling C object src/mesa/libmesa.a.p/state_tracker_st_atom_depth.c.o
[845/1009] Compiling C object src/mesa/libmesa.a.p/state_tracker_st_atom_constbuf.c.o
[846/1009] Compiling C object src/mesa/libmesa.a.p/state_tracker_st_atom_clip.c.o
[847/1009] Compiling C object src/mesa/libmesa.a.p/state_tracker_st_atom_blend.c.o
[848/1009] Compiling C object src/mesa/libmesa.a.p/state_tracker_st_atom_atomicbuf.c.o
[849/1009] Compiling C++ object src/mesa/libmesa.a.p/state_tracker_st_atom_array.cpp.o
[850/1009] Compiling C object src/mesa/libmesa.a.p/state_tracker_st_atom.c.o
[851/1009] Compiling C object src/mesa/libmesa.a.p/state_tracker_st_atifs_to_nir.c.o
[852/1009] Compiling C object src/mesa/libmesa.a.p/program_symbol_table.c.o
[853/1009] Compiling C object src/mesa/libmesa.a.p/program_programopt.c.o
[854/1009] Compiling C object src/mesa/libmesa.a.p/program_program_parse_extra.c.o
[855/1009] Compiling C object src/mesa/libmesa.a.p/program_program.c.o
[856/1009] Compiling C object src/mesa/libmesa.a.p/program_prog_to_nir.c.o
[857/1009] Compiling C object src/mesa/libmesa.a.p/program_prog_statevars.c.o
[858/1009] Compiling C object src/mesa/libmesa.a.p/program_prog_print.c.o
[859/1009] Compiling C object src/mesa/libmesa.a.p/program_prog_parameter_layout.c.o
[860/1009] Compiling C object src/mesa/libmesa.a.p/program_prog_parameter.c.o
[861/1009] Compiling C object src/mesa/libmesa.a.p/program_prog_instruction.c.o
[862/1009] Compiling C object src/mesa/libmesa.a.p/program_prog_cache.c.o
[863/1009] Compiling C++ object src/mesa/libmesa.a.p/program_link_program.cpp.o
[864/1009] Compiling C object src/mesa/libmesa.a.p/program_arbprogparse.c.o
[865/1009] Compiling C object src/mesa/libmesa.a.p/math_m_vector.c.o
[866/1009] Compiling C object src/mesa/libmesa.a.p/math_m_matrix.c.o
[867/1009] Compiling C object src/mesa/libmesa.a.p/math_m_eval.c.o
[868/1009] Compiling C object src/mesa/libmesa.a.p/math_m_debug_xform.c.o
[869/1009] Compiling C object src/mesa/libmesa.a.p/math_m_debug_norm.c.o
[870/1009] Compiling C object src/mesa/libmesa.a.p/math_m_debug_clip.c.o
[871/1009] Compiling C object src/mesa/libmesa.a.p/main_viewport.c.o
[872/1009] Compiling C object src/mesa/libmesa.a.p/main_version.c.o
[873/1009] Compiling C object src/mesa/libmesa.a.p/main_vdpau.c.o
[874/1009] Compiling C object src/mesa/libmesa.a.p/main_varray.c.o
[875/1009] Compiling C object src/mesa/libmesa.a.p/main_uniforms.c.o
[876/1009] Compiling C++ object src/mesa/libmesa.a.p/main_uniform_query.cpp.o
[877/1009] Compiling C object src/mesa/libmesa.a.p/main_transformfeedback.c.o
[878/1009] Compiling C object src/mesa/libmesa.a.p/main_textureview.c.o
[879/1009] Compiling C object src/mesa/libmesa.a.p/main_texturebindless.c.o
[880/1009] Compiling C object src/mesa/libmesa.a.p/main_texstore.c.o
[881/1009] Compiling C object src/mesa/libmesa.a.p/main_texstorage.c.o
[882/1009] Compiling C object src/mesa/libmesa.a.p/main_texstate.c.o
[883/1009] Compiling C object src/mesa/libmesa.a.p/main_texparam.c.o
[884/1009] Compiling C object src/mesa/libmesa.a.p/main_texobj.c.o
[885/1009] Compiling C object src/mesa/libmesa.a.p/main_teximage.c.o
[886/1009] Compiling C object src/mesa/libmesa.a.p/main_texgetimage.c.o
[887/1009] Compiling C object src/mesa/libmesa.a.p/main_texgen.c.o
[888/1009] Compiling C object src/mesa/libmesa.a.p/main_texenv.c.o
[889/1009] Compiling C object src/mesa/libmesa.a.p/main_texcompress_s3tc.c.o
[890/1009] Compiling C object src/mesa/libmesa.a.p/main_texcompress_rgtc.c.o
[891/1009] Compiling C object src/mesa/libmesa.a.p/main_texcompress_fxt1.c.o
[892/1009] Compiling C object src/mesa/libmesa.a.p/main_texcompress_etc.c.o
[893/1009] Compiling C object src/mesa/libmesa.a.p/main_texcompress_cpal.c.o
[894/1009] Compiling C object src/mesa/libmesa.a.p/main_texcompress_bptc.c.o
[895/1009] Compiling C++ object src/mesa/libmesa.a.p/main_texcompress_astc.cpp.o
[896/1009] Compiling C object src/mesa/libmesa.a.p/main_texcompress.c.o
[897/1009] Compiling C object src/mesa/libmesa.a.p/main_syncobj.c.o
[898/1009] Compiling C object src/mesa/libmesa.a.p/main_stencil.c.o
[899/1009] Compiling C object src/mesa/libmesa.a.p/main_state.c.o
[900/1009] Compiling C object src/mesa/libmesa.a.p/main_spirv_extensions.c.o
[901/1009] Compiling C object src/mesa/libmesa.a.p/main_shared.c.o
[902/1009] Compiling C object src/mesa/libmesa.a.p/main_shaderobj.c.o
[903/1009] Compiling C object src/mesa/libmesa.a.p/main_shaderimage.c.o
[904/1009] Compiling C object src/mesa/libmesa.a.p/main_shaderapi.c.o
[905/1009] Compiling C++ object src/mesa/libmesa.a.p/main_shader_query.cpp.o
[906/1009] Compiling C object src/mesa/libmesa.a.p/main_scissor.c.o
[907/1009] Compiling C object src/mesa/libmesa.a.p/main_samplerobj.c.o
[908/1009] Compiling C object src/mesa/libmesa.a.p/main_robustness.c.o
[909/1009] Compiling C object src/mesa/libmesa.a.p/main_renderbuffer.c.o
[910/1009] Compiling C object src/mesa/libmesa.a.p/main_remap.c.o
[911/1009] Compiling C object src/mesa/libmesa.a.p/main_readpix.c.o
[912/1009] Compiling C object src/mesa/libmesa.a.p/main_rastpos.c.o
[913/1009] Compiling C object src/mesa/libmesa.a.p/main_queryobj.c.o
[914/1009] Compiling C object src/mesa/libmesa.a.p/main_querymatrix.c.o
[915/1009] Compiling C object src/mesa/libmesa.a.p/main_program_resource.c.o
[916/1009] Compiling C object src/mesa/libmesa.a.p/main_program_binary.c.o
[917/1009] Compiling C object src/mesa/libmesa.a.p/main_polygon.c.o
[918/1009] Compiling C object src/mesa/libmesa.a.p/main_points.c.o
[919/1009] Compiling C object src/mesa/libmesa.a.p/main_pixeltransfer.c.o
[920/1009] Compiling C object src/mesa/libmesa.a.p/main_pixelstore.c.o
[921/1009] Compiling C object src/mesa/libmesa.a.p/main_pixel.c.o
[922/1009] Compiling C object src/mesa/libmesa.a.p/main_pipelineobj.c.o
[923/1009] Compiling C object src/mesa/libmesa.a.p/main_performance_query.c.o
[924/1009] Compiling C object src/mesa/libmesa.a.p/main_performance_monitor.c.o
[925/1009] Compiling C object src/mesa/libmesa.a.p/main_pbo.c.o
[926/1009] Compiling C object src/mesa/libmesa.a.p/main_pack.c.o
[927/1009] Compiling C object src/mesa/libmesa.a.p/main_objectlabel.c.o
[928/1009] Compiling C object src/mesa/libmesa.a.p/main_multisample.c.o
[929/1009] Compiling C object src/mesa/libmesa.a.p/main_mipmap.c.o
[930/1009] Compiling C object src/mesa/libmesa.a.p/main_matrix.c.o
[931/1009] Compiling C object src/mesa/libmesa.a.p/main_lines.c.o
[932/1009] Compiling C object src/mesa/libmesa.a.p/main_light.c.o
[933/1009] Compiling C object src/mesa/libmesa.a.p/main_image.c.o
[934/1009] Compiling C object src/mesa/libmesa.a.p/main_hint.c.o
[935/1009] Compiling C object src/mesa/libmesa.a.p/main_hash.c.o
[936/1009] Compiling C object src/mesa/libmesa.a.p/main_glthread_varray.c.o
[937/1009] Compiling C object src/mesa/libmesa.a.p/main_glthread_shaderobj.c.o
[938/1009] Compiling C object src/mesa/libmesa.a.p/main_glthread_list.c.o
[939/1009] Compiling C object src/mesa/libmesa.a.p/main_glthread_get.c.o
[940/1009] Compiling C object src/mesa/libmesa.a.p/main_glthread_draw.c.o
[941/1009] Compiling C object src/mesa/libmesa.a.p/main_glthread_bufferobj.c.o
[942/1009] Compiling C object src/mesa/libmesa.a.p/main_glthread.c.o
[943/1009] Compiling C object src/mesa/libmesa.a.p/main_glspirv.c.o
[944/1009] Compiling C object src/mesa/libmesa.a.p/main_glformats.c.o
[945/1009] Compiling C object src/mesa/libmesa.a.p/main_getstring.c.o
[946/1009] Compiling C object src/mesa/libmesa.a.p/main_get.c.o
[947/1009] Compiling C object src/mesa/libmesa.a.p/main_genmipmap.c.o
[948/1009] Compiling C object src/mesa/libmesa.a.p/main_framebuffer.c.o
[949/1009] Compiling C object src/mesa/libmesa.a.p/main_formats.c.o
[950/1009] Compiling C object src/mesa/libmesa.a.p/main_formatquery.c.o
[951/1009] Compiling C object src/mesa/libmesa.a.p/main_format_utils.c.o
[952/1009] Compiling C object src/mesa/libmesa.a.p/main_fog.c.o
[953/1009] Compiling C object src/mesa/libmesa.a.p/main_ffvertex_prog.c.o
[954/1009] Compiling C++ object src/mesa/libmesa.a.p/main_ff_fragment_shader.cpp.o
[955/1009] Compiling C object src/mesa/libmesa.a.p/main_feedback.c.o
[956/1009] Compiling C object src/mesa/libmesa.a.p/main_fbobject.c.o
[957/1009] Compiling C object src/mesa/libmesa.a.p/main_externalobjects.c.o
[958/1009] Compiling C object src/mesa/libmesa.a.p/main_extensions_table.c.o
[959/1009] Compiling C object src/mesa/libmesa.a.p/main_extensions.c.o
[960/1009] Compiling C object src/mesa/libmesa.a.p/main_eval.c.o
[961/1009] Compiling C object src/mesa/libmesa.a.p/main_es1_conversion.c.o
[962/1009] Compiling C object src/mesa/libmesa.a.p/main_errors.c.o
[963/1009] Compiling C object src/mesa/libmesa.a.p/main_enable.c.o
[964/1009] Compiling C object src/mesa/libmesa.a.p/main_drawtex.c.o
[965/1009] Compiling C object src/mesa/libmesa.a.p/main_drawpix.c.o
[966/1009] Compiling C object src/mesa/libmesa.a.p/main_draw_validate.c.o
[967/1009] Compiling C object src/mesa/libmesa.a.p/main_draw.c.o
[968/1009] Compiling C object src/mesa/libmesa.a.p/main_dlist.c.o
[969/1009] Compiling C object src/mesa/libmesa.a.p/main_depth.c.o
[970/1009] Compiling C object src/mesa/libmesa.a.p/main_debug_output.c.o
[971/1009] Compiling C object src/mesa/libmesa.a.p/main_debug.c.o
[972/1009] Compiling C object src/mesa/libmesa.a.p/main_cpuinfo.c.o
[973/1009] Compiling C object src/mesa/libmesa.a.p/main_copyimage.c.o
[974/1009] Compiling C object src/mesa/libmesa.a.p/main_context.c.o
[975/1009] Compiling C object src/mesa/libmesa.a.p/main_conservativeraster.c.o
[976/1009] Compiling C object src/mesa/libmesa.a.p/main_condrender.c.o
[977/1009] Compiling C object src/mesa/libmesa.a.p/main_compute.c.o
[978/1009] Compiling C object src/mesa/libmesa.a.p/main_clip.c.o
[979/1009] Compiling C object src/mesa/libmesa.a.p/main_clear.c.o
[980/1009] Compiling C object src/mesa/libmesa.a.p/main_buffers.c.o
[981/1009] Compiling C object src/mesa/libmesa.a.p/main_bufferobj.c.o
[982/1009] Compiling C object src/mesa/libmesa.a.p/main_blit.c.o
[983/1009] Compiling C object src/mesa/libmesa.a.p/main_blend.c.o
[984/1009] Compiling C object src/mesa/libmesa.a.p/main_bbox.c.o
[985/1009] Compiling C object src/mesa/libmesa.a.p/main_barrier.c.o
[986/1009] Compiling C object src/mesa/libmesa.a.p/main_attrib.c.o
[987/1009] Compiling C object src/mesa/libmesa.a.p/main_atifragshader.c.o
[988/1009] Compiling C object src/mesa/libmesa.a.p/main_arrayobj.c.o
[989/1009] Compiling C object src/mesa/libmesa.a.p/main_arbprogram.c.o
[990/1009] Compiling C object src/mesa/libmesa.a.p/main_api_arrayelt.c.o
[991/1009] Compiling C object src/mesa/libmesa.a.p/main_accum.c.o
[992/1009] Compiling C object src/mesa/libmesa.a.p/meson-generated_.._.._mapi_glapi_gen_marshal_generated7.c.o
[993/1009] Compiling C object src/mesa/libmesa.a.p/meson-generated_.._.._mapi_glapi_gen_marshal_generated6.c.o
[994/1009] Compiling C object src/mesa/libmesa.a.p/meson-generated_.._.._mapi_glapi_gen_marshal_generated5.c.o
[995/1009] Compiling C object src/mesa/libmesa.a.p/meson-generated_.._.._mapi_glapi_gen_marshal_generated4.c.o
[996/1009] Compiling C object src/mesa/libmesa.a.p/meson-generated_.._.._mapi_glapi_gen_marshal_generated3.c.o
[997/1009] Compiling C object src/mesa/libmesa.a.p/meson-generated_.._.._mapi_glapi_gen_marshal_generated2.c.o
[998/1009] Compiling C object src/mesa/libmesa.a.p/meson-generated_.._.._mapi_glapi_gen_marshal_generated1.c.o
[999/1009] Compiling C object src/mesa/libmesa.a.p/meson-generated_.._.._mapi_glapi_gen_marshal_generated0.c.o
[1000/1009] Compiling C object src/mesa/libmesa.a.p/meson-generated_.._format_fallback.c.o
[1001/1009] Compiling C object src/mesa/libmesa.a.p/meson-generated_.._.._mapi_glapi_gen_enums.c.o
[1002/1009] Compiling C object src/mesa/libmesa.a.p/meson-generated_.._.._mapi_glapi_gen_api_exec_init.c.o
[1003/1009] Compiling C object src/mesa/libmesa.a.p/meson-generated_.._program_program_parse.tab.c.o
[1004/1009] Compiling C object src/mesa/libmesa.a.p/meson-generated_.._program_lex.yy.c.o
[1005/1009] Linking static target src/mesa/libmesa.a
[1006/1009] Linking target src/gallium/targets/dri/libgallium_dri.so
[1007/1009] Generating src/gallium/targets/dri/devenv_tegra_dri.so with a custom command
[1008/1009] Generating src/gallium/targets/dri/devenv_kms_swrast_dri.so with a custom command
[1009/1009] Generating src/gallium/targets/dri/devenv_swrast_dri.so with a custom command
=== EXIT 0 ===
